[INFO] Scanning for projects...
[INFO] 
[INFO] ------------------------< com.jpmc:midas-core >-------------------------
[INFO] Building midas-core 1.0.0
[INFO]   from pom.xml
[INFO] --------------------------------[ jar ]---------------------------------
[INFO] 
[INFO] --- clean:3.3.2:clean (default-clean) @ midas-core ---
[INFO] Deleting C:\Users\naiks\Documents\GitHub\forage-midas\target
[INFO] 
[INFO] --- resources:3.3.1:resources (default-resources) @ midas-core ---
[INFO] Copying 1 resource from src\main\resources to target\classes
[INFO] Copying 0 resource from src\main\resources to target\classes
[INFO] 
[INFO] --- compiler:3.11.0:compile (default-compile) @ midas-core ---
[INFO] Changes detected - recompiling the module! :source
[INFO] Compiling 6 source files with javac [debug release 17] to target\classes
[INFO] 
[INFO] --- resources:3.3.1:testResources (default-testResources) @ midas-core ---
[INFO] Copying 6 resources from src\test\resources to target\test-classes
[INFO] 
[INFO] --- compiler:3.11.0:testCompile (default-testCompile) @ midas-core ---
[INFO] Changes detected - recompiling the module! :dependency
[INFO] Compiling 9 source files with javac [debug release 17] to target\test-classes
[INFO] 
[INFO] --- surefire:3.1.2:test (default-test) @ midas-core ---
[INFO] Using auto detected provider org.apache.maven.surefire.junitplatform.JUnitPlatformProvider
[INFO] 
[INFO] -------------------------------------------------------
[INFO]  T E S T S
[INFO] -------------------------------------------------------
[INFO] Running com.jpmc.midascore.TaskFiveTests
16:25:59.583 [main] INFO org.springframework.test.context.support.AnnotationConfigContextLoaderUtils -- Could not detect default configuration classes for test class [com.jpmc.midascore.TaskFiveTests]: TaskFiveTests does not declare any static, non-private, non-final, nested classes annotated with @Configuration.
16:25:59.732 [main] INFO org.springframework.boot.test.context.SpringBootTestContextBootstrapper -- Found @SpringBootConfiguration com.jpmc.midascore.MidasCoreApplication for test class com.jpmc.midascore.TaskFiveTests

  .   ____          _            __ _ _
 /\\ / ___'_ __ _ _(_)_ __  __ _ \ \ \ \
( ( )\___ | '_ | '_| | '_ \/ _` | \ \ \ \
 \\/  ___)| |_)| | | | | || (_| |  ) ) ) )
  '  |____| .__|_| |_|_| |_\__, | / / / /
 =========|_|==============|___/=/_/_/_/
 :: Spring Boot ::                (v3.2.5)

2026-03-25T16:26:00.713+05:30  INFO 21716 --- [           main] k.utils.Log4jControllerRegistration$     : Registered kafka:type=kafka.Log4jController MBean
2026-03-25T16:26:00.764+05:30  INFO 21716 --- [           main] org.apache.zookeeper.common.X509Util     : Setting -D jdk.tls.rejectClientInitiatedRenegotiation=true to disable client-initiated TLS renegotiation
2026-03-25T16:26:01.043+05:30  INFO 21716 --- [-kit-executor-1] kafka.server.ControllerServer            : Formatting C:\Users\naiks\AppData\Local\Temp\kafka-12032947760620563118\controller_0 with metadata.version 3.3-IV0.
2026-03-25T16:26:01.048+05:30  INFO 21716 --- [-kit-executor-3] kafka.server.BrokerServer                : [BrokerServer id=0] Transition from SHUTDOWN to STARTING
2026-03-25T16:26:01.048+05:30  INFO 21716 --- [-kit-executor-2] kafka.server.ControllerServer            : [ControllerServer id=0] Starting controller
2026-03-25T16:26:01.055+05:30  INFO 21716 --- [-kit-executor-3] kafka.server.SharedServer                : [SharedServer id=0] Starting SharedServer
2026-03-25T16:26:01.086+05:30  INFO 21716 --- [-kit-executor-2] o.a.k.s.network.EndpointReadyFutures     : authorizerStart completed for endpoint CONTROLLER. Endpoint is now READY.
2026-03-25T16:26:01.320+05:30  INFO 21716 --- [-kit-executor-3] kafka.log.UnifiedLog$                    : [LogLoader partition=__cluster_metadata-0, dir=C:\Users\naiks\AppData\Local\Temp\kafka-12032947760620563118\controller_0] Loading producer state till offset 0 with message format version 2
2026-03-25T16:26:01.321+05:30  INFO 21716 --- [-kit-executor-3] kafka.log.UnifiedLog$                    : [LogLoader partition=__cluster_metadata-0, dir=C:\Users\naiks\AppData\Local\Temp\kafka-12032947760620563118\controller_0] Reloading from producer snapshot and rebuilding producer state from offset 0
2026-03-25T16:26:01.321+05:30  INFO 21716 --- [-kit-executor-3] kafka.log.UnifiedLog$                    : [LogLoader partition=__cluster_metadata-0, dir=C:\Users\naiks\AppData\Local\Temp\kafka-12032947760620563118\controller_0] Producer state recovery took 0ms for snapshot load and 0ms for segment recovery from offset 0
2026-03-25T16:26:01.384+05:30  INFO 21716 --- [-kit-executor-3] kafka.raft.KafkaMetadataLog$             : Initialized snapshots with IDs SortedSet() from C:\Users\naiks\AppData\Local\Temp\kafka-12032947760620563118\controller_0\__cluster_metadata-0
2026-03-25T16:26:01.450+05:30  INFO 21716 --- [piration-reaper] ExpirationService$ExpiredOperationReaper : [raft-expiration-reaper]: Starting
2026-03-25T16:26:01.507+05:30  INFO 21716 --- [-kit-executor-3] org.apache.kafka.raft.QuorumState        : [RaftManager id=0] Completed transition to Unattached(epoch=0, voters=[0], electionTimeoutMs=1491) from null
2026-03-25T16:26:01.515+05:30  INFO 21716 --- [-kit-executor-3] org.apache.kafka.raft.QuorumState        : [RaftManager id=0] Completed transition to CandidateState(localId=0, epoch=1, retries=1, voteStates={0=GRANTED}, highWatermark=Optional.empty, electionTimeoutMs=1297) from Unattached(epoch=0, voters=[0], electionTimeoutMs=1491)
2026-03-25T16:26:01.519+05:30  INFO 21716 --- [-kit-executor-3] org.apache.kafka.raft.QuorumState        : [RaftManager id=0] Completed transition to Leader(localId=0, epoch=1, epochStartOffset=0, highWatermark=Optional.empty, voterStates={0=ReplicaState(nodeId=0, endOffset=Optional.empty, lastFetchTimestamp=-1, lastCaughtUpTimestamp=-1, hasAcknowledgedLeader=true)}) from CandidateState(localId=0, epoch=1, retries=1, voteStates={0=GRANTED}, highWatermark=Optional.empty, electionTimeoutMs=1297)
2026-03-25T16:26:01.681+05:30  INFO 21716 --- [-kit-executor-2] kafka.network.ConnectionQuotas           : Updated connection-accept-rate max connection creation rate to 2147483647
2026-03-25T16:26:01.702+05:30  INFO 21716 --- [-kit-executor-2] kafka.network.DataPlaneAcceptor          : Awaiting socket connections on localhost:49694.
2026-03-25T16:26:01.703+05:30  INFO 21716 --- [-kit-executor-2] kafka.network.DataPlaneAcceptor          : Opened wildcard endpoint localhost:49694
2026-03-25T16:26:01.733+05:30  INFO 21716 --- [-kit-executor-2] kafka.network.SocketServer               : [SocketServer listenerType=CONTROLLER, nodeId=0] Created data-plane acceptor and processors for endpoint : ListenerName(CONTROLLER)
2026-03-25T16:26:01.738+05:30  INFO 21716 --- [-request-thread] kafka.raft.RaftSendThread                : [kafka-0-raft-outbound-request-thread]: Starting
2026-03-25T16:26:01.738+05:30  INFO 21716 --- [-raft-io-thread] k.raft.KafkaRaftManager$RaftIoThread     : [kafka-0-raft-io-thread]: Starting
2026-03-25T16:26:01.763+05:30  INFO 21716 --- [-raft-io-thread] org.apache.kafka.raft.LeaderState        : [RaftManager id=0] High watermark set to LogOffsetMetadata(offset=1, metadata=Optional[(segmentBaseOffset=0,relativePositionInSegment=91)]) for the first time for epoch 1 based on indexOfHw 0 and voters [ReplicaState(nodeId=0, endOffset=Optional[LogOffsetMetadata(offset=1, metadata=Optional[(segmentBaseOffset=0,relativePositionInSegment=91)])], lastFetchTimestamp=-1, lastCaughtUpTimestamp=-1, hasAcknowledgedLeader=true)]
2026-03-25T16:26:01.771+05:30  INFO 21716 --- [r-event-handler] o.a.kafka.image.loader.MetadataLoader    : [MetadataLoader id=0] initializeNewPublishers: The loader is still catching up because we have loaded up to offset -1, but the high water mark is 1
2026-03-25T16:26:01.772+05:30  INFO 21716 --- [-kit-executor-3] kafka.server.BrokerServer                : [BrokerServer id=0] Starting broker
2026-03-25T16:26:01.774+05:30  INFO 21716 --- [-raft-io-thread] org.apache.kafka.raft.KafkaRaftClient    : [RaftManager id=0] Registered the listener org.apache.kafka.image.loader.MetadataLoader@1009917661
2026-03-25T16:26:01.774+05:30  INFO 21716 --- [-kit-executor-2] kafka.server.ControllerServer            : [ControllerServer id=0] Waiting for controller quorum voters future
2026-03-25T16:26:01.774+05:30  INFO 21716 --- [-kit-executor-2] kafka.server.ControllerServer            : [ControllerServer id=0] Finished waiting for controller quorum voters future
2026-03-25T16:26:01.789+05:30  INFO 21716 --- [r-event-handler] o.a.kafka.image.loader.MetadataLoader    : [MetadataLoader id=0] maybePublishMetadata(LOG_DELTA): The loader is still catching up because we have not loaded a controller record as of offset 0 and high water mark is 1
2026-03-25T16:26:01.797+05:30  INFO 21716 --- [nelReaper-Fetch] lientQuotaManager$ThrottledChannelReaper : [broker-0-ThrottledChannelReaper-Fetch]: Starting
2026-03-25T16:26:01.798+05:30  INFO 21716 --- [lReaper-Produce] lientQuotaManager$ThrottledChannelReaper : [broker-0-ThrottledChannelReaper-Produce]: Starting
2026-03-25T16:26:01.799+05:30  INFO 21716 --- [lReaper-Request] lientQuotaManager$ThrottledChannelReaper : [broker-0-ThrottledChannelReaper-Request]: Starting
2026-03-25T16:26:01.802+05:30  INFO 21716 --- [trollerMutation] lientQuotaManager$ThrottledChannelReaper : [broker-0-ThrottledChannelReaper-ControllerMutation]: Starting
2026-03-25T16:26:01.815+05:30  INFO 21716 --- [-kit-executor-2] o.a.kafka.controller.QuorumController    : [QuorumController id=0] Creating new QuorumController with clusterId oNJhzecRReCQ5siaPiWQlQ.
2026-03-25T16:26:01.815+05:30  INFO 21716 --- [-raft-io-thread] org.apache.kafka.raft.KafkaRaftClient    : [RaftManager id=0] Registered the listener org.apache.kafka.controller.QuorumController$QuorumMetaLogListener@729942780
2026-03-25T16:26:01.816+05:30  INFO 21716 --- [nelReaper-Fetch] lientQuotaManager$ThrottledChannelReaper : [controller-0-ThrottledChannelReaper-Fetch]: Starting
2026-03-25T16:26:01.816+05:30  INFO 21716 --- [lReaper-Request] lientQuotaManager$ThrottledChannelReaper : [controller-0-ThrottledChannelReaper-Request]: Starting
2026-03-25T16:26:01.816+05:30  INFO 21716 --- [lReaper-Produce] lientQuotaManager$ThrottledChannelReaper : [controller-0-ThrottledChannelReaper-Produce]: Starting
2026-03-25T16:26:01.816+05:30  INFO 21716 --- [trollerMutation] lientQuotaManager$ThrottledChannelReaper : [controller-0-ThrottledChannelReaper-ControllerMutation]: Starting
2026-03-25T16:26:01.818+05:30  INFO 21716 --- [0-event-handler] o.a.kafka.controller.QuorumController    : [QuorumController id=0] Becoming the active controller at epoch 1, next write offset 1.
2026-03-25T16:26:01.819+05:30  INFO 21716 --- [-kit-executor-3] kafka.log.LogManager                     : Log directory C:\Users\naiks\AppData\Local\Temp\kafka-12032947760620563118\broker_0_data0 not found, creating it.
2026-03-25T16:26:01.826+05:30  WARN 21716 --- [0-event-handler] o.a.kafka.controller.QuorumController    : [QuorumController id=0] Performing controller activation. The metadata log appears to be empty. Appending 1 bootstrap record(s) in metadata transaction at metadata.version 3.6-IV2 from bootstrap source 'testkit'. Setting the ZK migration state to NONE since this is a de-novo KRaft cluster.
2026-03-25T16:26:01.830+05:30  INFO 21716 --- [0-event-handler] o.a.k.controller.OffsetControlManager    : [QuorumController id=0] Replayed BeginTransactionRecord(name='Bootstrap records') at offset 1.
2026-03-25T16:26:01.831+05:30  INFO 21716 --- [-kit-executor-3] kafka.server.BrokerServer                : [BrokerServer id=0] Waiting for controller quorum voters future
2026-03-25T16:26:01.831+05:30  INFO 21716 --- [-kit-executor-3] kafka.server.BrokerServer                : [BrokerServer id=0] Finished waiting for controller quorum voters future
2026-03-25T16:26:01.831+05:30  INFO 21716 --- [0-event-handler] o.a.k.controller.FeatureControlManager   : [QuorumController id=0] Replayed a FeatureLevelRecord setting metadata version to 3.6-IV2
2026-03-25T16:26:01.832+05:30  INFO 21716 --- [0-event-handler] o.a.k.controller.OffsetControlManager    : [QuorumController id=0] Replayed EndTransactionRecord() at offset 4.
2026-03-25T16:26:01.835+05:30  INFO 21716 --- [per-0-AlterAcls] perationPurgatory$ExpiredOperationReaper : [ExpirationReaper-0-AlterAcls]: Starting
2026-03-25T16:26:01.839+05:30  INFO 21716 --- [channel-manager] k.s.BrokerToControllerRequestThread      : [broker-0-to-controller-forwarding-channel-manager]: Starting
2026-03-25T16:26:01.840+05:30  INFO 21716 --- [channel-manager] k.s.BrokerToControllerRequestThread      : [broker-0-to-controller-forwarding-channel-manager]: Recorded new controller, from now on will use node localhost:49694 (id: 0 rack: null)
2026-03-25T16:26:01.854+05:30  INFO 21716 --- [r-event-handler] o.a.kafka.image.loader.MetadataLoader    : [MetadataLoader id=0] initializeNewPublishers: The loader finished catching up to the current high water mark of 1
2026-03-25T16:26:01.854+05:30  INFO 21716 --- [-kit-executor-2] kafka.server.ControllerServer            : [ControllerServer id=0] Waiting for the controller metadata publishers to be installed
2026-03-25T16:26:01.854+05:30  INFO 21716 --- [-kit-executor-2] kafka.server.ControllerServer            : [ControllerServer id=0] Finished waiting for the controller metadata publishers to be installed
2026-03-25T16:26:01.855+05:30  INFO 21716 --- [-kit-executor-2] kafka.network.SocketServer               : [SocketServer listenerType=CONTROLLER, nodeId=0] Enabling request processing.
2026-03-25T16:26:01.862+05:30  INFO 21716 --- [-kit-executor-2] kafka.server.ControllerServer            : [ControllerServer id=0] Waiting for all of the authorizer futures to be completed
2026-03-25T16:26:01.862+05:30  INFO 21716 --- [-kit-executor-2] kafka.server.ControllerServer            : [ControllerServer id=0] Finished waiting for all of the authorizer futures to be completed
2026-03-25T16:26:01.862+05:30  INFO 21716 --- [-kit-executor-2] kafka.server.ControllerServer            : [ControllerServer id=0] Waiting for all of the SocketServer Acceptors to be started
2026-03-25T16:26:01.862+05:30  INFO 21716 --- [-kit-executor-2] kafka.server.ControllerServer            : [ControllerServer id=0] Finished waiting for all of the SocketServer Acceptors to be started
2026-03-25T16:26:01.868+05:30  INFO 21716 --- [r-event-handler] o.a.kafka.image.loader.MetadataLoader    : [MetadataLoader id=0] InitializeNewPublishers: initializing SnapshotGenerator with a snapshot at offset 0
2026-03-25T16:26:01.868+05:30  INFO 21716 --- [r-event-handler] o.a.kafka.image.loader.MetadataLoader    : [MetadataLoader id=0] InitializeNewPublishers: initializing FeaturesPublisher with a snapshot at offset 0
2026-03-25T16:26:01.869+05:30  INFO 21716 --- [r-event-handler] o.a.kafka.image.loader.MetadataLoader    : [MetadataLoader id=0] InitializeNewPublishers: initializing DynamicConfigPublisher controller id=0 with a snapshot at offset 0
2026-03-25T16:26:01.869+05:30  INFO 21716 --- [r-event-handler] o.a.kafka.image.loader.MetadataLoader    : [MetadataLoader id=0] InitializeNewPublishers: initializing DynamicClientQuotaPublisher controller id=0 with a snapshot at offset 0
2026-03-25T16:26:01.870+05:30  INFO 21716 --- [r-event-handler] o.a.kafka.image.loader.MetadataLoader    : [MetadataLoader id=0] InitializeNewPublishers: initializing ScramPublisher controller id=0 with a snapshot at offset 0
2026-03-25T16:26:01.872+05:30  INFO 21716 --- [r-event-handler] o.a.kafka.image.loader.MetadataLoader    : [MetadataLoader id=0] InitializeNewPublishers: initializing DelegationTokenPublisher controller id=0 with a snapshot at offset 0
2026-03-25T16:26:01.883+05:30  INFO 21716 --- [r-event-handler] o.a.kafka.image.loader.MetadataLoader    : [MetadataLoader id=0] InitializeNewPublishers: initializing ControllerMetadataMetricsPublisher with a snapshot at offset 0
2026-03-25T16:26:01.885+05:30  INFO 21716 --- [r-event-handler] o.a.kafka.image.loader.MetadataLoader    : [MetadataLoader id=0] InitializeNewPublishers: initializing AclPublisher controller id=0 with a snapshot at offset 0
2026-03-25T16:26:01.886+05:30  INFO 21716 --- [-kit-executor-3] kafka.network.ConnectionQuotas           : Updated connection-accept-rate max connection creation rate to 2147483647
2026-03-25T16:26:01.889+05:30  INFO 21716 --- [-kit-executor-3] kafka.network.DataPlaneAcceptor          : Awaiting socket connections on localhost:49695.
2026-03-25T16:26:01.890+05:30  INFO 21716 --- [-kit-executor-3] kafka.network.DataPlaneAcceptor          : Opened wildcard endpoint localhost:49695
2026-03-25T16:26:01.901+05:30  INFO 21716 --- [-kit-executor-3] kafka.network.SocketServer               : [SocketServer listenerType=BROKER, nodeId=0] Created data-plane acceptor and processors for endpoint : ListenerName(EXTERNAL)
2026-03-25T16:26:01.907+05:30  INFO 21716 --- [channel-manager] k.s.BrokerToControllerRequestThread      : [broker-0-to-controller-alter-partition-channel-manager]: Starting
2026-03-25T16:26:01.907+05:30  INFO 21716 --- [channel-manager] k.s.BrokerToControllerRequestThread      : [broker-0-to-controller-alter-partition-channel-manager]: Recorded new controller, from now on will use node localhost:49694 (id: 0 rack: null)
2026-03-25T16:26:01.931+05:30  INFO 21716 --- [eaper-0-Produce] perationPurgatory$ExpiredOperationReaper : [ExpirationReaper-0-Produce]: Starting
2026-03-25T16:26:01.932+05:30  INFO 21716 --- [nReaper-0-Fetch] perationPurgatory$ExpiredOperationReaper : [ExpirationReaper-0-Fetch]: Starting
2026-03-25T16:26:01.933+05:30  INFO 21716 --- [0-DeleteRecords] perationPurgatory$ExpiredOperationReaper : [ExpirationReaper-0-DeleteRecords]: Starting
2026-03-25T16:26:01.934+05:30  INFO 21716 --- [r-0-ElectLeader] perationPurgatory$ExpiredOperationReaper : [ExpirationReaper-0-ElectLeader]: Starting
2026-03-25T16:26:01.935+05:30  INFO 21716 --- [r-0-RemoteFetch] perationPurgatory$ExpiredOperationReaper : [ExpirationReaper-0-RemoteFetch]: Starting
2026-03-25T16:26:01.957+05:30  INFO 21716 --- [per-0-Heartbeat] perationPurgatory$ExpiredOperationReaper : [ExpirationReaper-0-Heartbeat]: Starting
2026-03-25T16:26:01.958+05:30  INFO 21716 --- [per-0-Rebalance] perationPurgatory$ExpiredOperationReaper : [ExpirationReaper-0-Rebalance]: Starting
2026-03-25T16:26:01.998+05:30  INFO 21716 --- [channel-manager] k.s.BrokerToControllerRequestThread      : [broker-0-to-controller-heartbeat-channel-manager]: Starting
2026-03-25T16:26:01.999+05:30  INFO 21716 --- [channel-manager] k.s.BrokerToControllerRequestThread      : [broker-0-to-controller-heartbeat-channel-manager]: Recorded new controller, from now on will use node localhost:49694 (id: 0 rack: null)
2026-03-25T16:26:02.002+05:30  INFO 21716 --- [r-event-handler] kafka.server.BrokerLifecycleManager      : [BrokerLifecycleManager id=0] Incarnation L6TkkAuCRMOKPJm4p_5Sdg of broker 0 in cluster oNJhzecRReCQ5siaPiWQlQ is now STARTING.
2026-03-25T16:26:02.020+05:30  INFO 21716 --- [per-0-AlterAcls] perationPurgatory$ExpiredOperationReaper : [ExpirationReaper-0-AlterAcls]: Starting
2026-03-25T16:26:02.045+05:30  INFO 21716 --- [-kit-executor-3] kafka.server.BrokerServer                : [BrokerServer id=0] Waiting for the broker metadata publishers to be installed
2026-03-25T16:26:02.045+05:30  INFO 21716 --- [-kit-executor-3] kafka.server.BrokerServer                : [BrokerServer id=0] Finished waiting for the broker metadata publishers to be installed
2026-03-25T16:26:02.045+05:30  INFO 21716 --- [r-event-handler] o.a.kafka.image.loader.MetadataLoader    : [MetadataLoader id=0] InitializeNewPublishers: initializing BrokerMetadataPublisher with a snapshot at offset 4
2026-03-25T16:26:02.045+05:30  INFO 21716 --- [-kit-executor-3] kafka.server.BrokerServer                : [BrokerServer id=0] Waiting for the controller to acknowledge that we are caught up
2026-03-25T16:26:02.046+05:30  INFO 21716 --- [r-event-handler] k.s.metadata.BrokerMetadataPublisher     : [BrokerMetadataPublisher id=0] Publishing initial metadata at offset OffsetAndEpoch(offset=4, epoch=1) with metadata.version 3.6-IV2.
2026-03-25T16:26:02.047+05:30  INFO 21716 --- [r-event-handler] kafka.log.LogManager                     : Loading logs from log dirs ArraySeq(C:\Users\naiks\AppData\Local\Temp\kafka-12032947760620563118\broker_0_data0)
2026-03-25T16:26:02.053+05:30  INFO 21716 --- [r-event-handler] kafka.log.LogManager                     : No logs found to be loaded in C:\Users\naiks\AppData\Local\Temp\kafka-12032947760620563118\broker_0_data0
2026-03-25T16:26:02.060+05:30  INFO 21716 --- [r-event-handler] kafka.log.LogManager                     : Loaded 0 logs in 11ms
2026-03-25T16:26:02.061+05:30  INFO 21716 --- [r-event-handler] kafka.log.LogManager                     : Starting log cleanup with a period of 300000 ms.
2026-03-25T16:26:02.061+05:30  INFO 21716 --- [r-event-handler] kafka.log.LogManager                     : Starting log flusher with a default period of 9223372036854775807 ms.
2026-03-25T16:26:02.079+05:30  INFO 21716 --- [r-event-handler] kafka.log.LogCleaner                     : Starting the log cleaner
2026-03-25T16:26:02.088+05:30  INFO 21716 --- [leaner-thread-0] kafka.log.LogCleaner$CleanerThread       : [kafka-log-cleaner-thread-0]: Starting
2026-03-25T16:26:02.088+05:30  INFO 21716 --- [0-event-handler] o.a.k.controller.ClusterControlManager   : [QuorumController id=0] Replayed initial RegisterBrokerRecord for broker 0: RegisterBrokerRecord(brokerId=0, isMigratingZkBroker=false, incarnationId=L6TkkAuCRMOKPJm4p_5Sdg, brokerEpoch=5, endPoints=[BrokerEndpoint(name='EXTERNAL', host='localhost', port=49695, securityProtocol=0)], features=[BrokerFeature(name='metadata.version', minSupportedVersion=1, maxSupportedVersion=14)], rack=null, fenced=true, inControlledShutdown=false)
2026-03-25T16:26:02.094+05:30  INFO 21716 --- [nSenderThread-0] kafka.server.AddPartitionsToTxnManager   : [AddPartitionsToTxnSenderThread-0]: Starting
2026-03-25T16:26:02.095+05:30  INFO 21716 --- [rFailureHandler] k.s.ReplicaManager$LogDirFailureHandler  : [LogDirFailureHandler]: Starting
2026-03-25T16:26:02.096+05:30  INFO 21716 --- [r-event-handler] k.coordinator.group.GroupCoordinator     : [GroupCoordinator 0]: Starting up.
2026-03-25T16:26:02.098+05:30  INFO 21716 --- [r-event-handler] k.coordinator.group.GroupCoordinator     : [GroupCoordinator 0]: Startup complete.
2026-03-25T16:26:02.099+05:30  INFO 21716 --- [r-event-handler] k.c.transaction.TransactionCoordinator   : [TransactionCoordinator id=0] Starting up.
2026-03-25T16:26:02.100+05:30  INFO 21716 --- [rSenderThread-0] k.c.t.TransactionMarkerChannelManager    : [TxnMarkerSenderThread-0]: Starting
2026-03-25T16:26:02.100+05:30  INFO 21716 --- [r-event-handler] k.c.transaction.TransactionCoordinator   : [TransactionCoordinator id=0] Startup complete.
2026-03-25T16:26:02.101+05:30  INFO 21716 --- [r-event-handler] k.s.metadata.BrokerMetadataPublisher     : [BrokerMetadataPublisher id=0] Updating metadata.version to 14 at offset OffsetAndEpoch(offset=4, epoch=1).
2026-03-25T16:26:02.120+05:30  INFO 21716 --- [channel-manager] kafka.server.BrokerLifecycleManager      : [BrokerLifecycleManager id=0] Successfully registered broker 0 with broker epoch 5
2026-03-25T16:26:02.126+05:30  INFO 21716 --- [channel-manager] kafka.server.BrokerLifecycleManager      : [BrokerLifecycleManager id=0] The broker has caught up. Transitioning from STARTING to RECOVERY.
2026-03-25T16:26:02.127+05:30  INFO 21716 --- [-kit-executor-3] kafka.server.BrokerServer                : [BrokerServer id=0] Finished waiting for the controller to acknowledge that we are caught up
2026-03-25T16:26:02.127+05:30  INFO 21716 --- [-kit-executor-3] kafka.server.BrokerServer                : [BrokerServer id=0] Waiting for the initial broker metadata update to be published
2026-03-25T16:26:02.127+05:30  INFO 21716 --- [-kit-executor-3] kafka.server.BrokerServer                : [BrokerServer id=0] Finished waiting for the initial broker metadata update to be published
2026-03-25T16:26:02.128+05:30  INFO 21716 --- [-kit-executor-3] kafka.server.KafkaConfig                 : KafkaConfig values: 
	advertised.listeners = null
	alter.config.policy.class.name = null
	alter.log.dirs.replication.quota.window.num = 11
	alter.log.dirs.replication.quota.window.size.seconds = 1
	authorizer.class.name = 
	auto.create.topics.enable = true
	auto.include.jmx.reporter = true
	auto.leader.rebalance.enable = true
	background.threads = 10
	broker.heartbeat.interval.ms = 2000
	broker.id = 0
	broker.id.generation.enable = true
	broker.rack = null
	broker.session.timeout.ms = 9000
	client.quota.callback.class = null
	compression.type = producer
	connection.failed.authentication.delay.ms = 100
	connections.max.idle.ms = 600000
	connections.max.reauth.ms = 0
	control.plane.listener.name = null
	controlled.shutdown.enable = true
	controlled.shutdown.max.retries = 3
	controlled.shutdown.retry.backoff.ms = 5000
	controller.listener.names = CONTROLLER
	controller.quorum.append.linger.ms = 25
	controller.quorum.election.backoff.max.ms = 1000
	controller.quorum.election.timeout.ms = 1000
	controller.quorum.fetch.timeout.ms = 2000
	controller.quorum.request.timeout.ms = 2000
	controller.quorum.retry.backoff.ms = 20
	controller.quorum.voters = [0@0.0.0.0:0]
	controller.quota.window.num = 11
	controller.quota.window.size.seconds = 1
	controller.socket.timeout.ms = 30000
	create.topic.policy.class.name = null
	default.replication.factor = 1
	delegation.token.expiry.check.interval.ms = 3600000
	delegation.token.expiry.time.ms = 86400000
	delegation.token.master.key = null
	delegation.token.max.lifetime.ms = 604800000
	delegation.token.secret.key = null
	delete.records.purgatory.purge.interval.requests = 1
	delete.topic.enable = true
	early.start.listeners = null
	fetch.max.bytes = 57671680
	fetch.purgatory.purge.interval.requests = 1000
	group.consumer.assignors = [org.apache.kafka.coordinator.group.assignor.RangeAssignor]
	group.consumer.heartbeat.interval.ms = 5000
	group.consumer.max.heartbeat.interval.ms = 15000
	group.consumer.max.session.timeout.ms = 60000
	group.consumer.max.size = 2147483647
	group.consumer.min.heartbeat.interval.ms = 5000
	group.consumer.min.session.timeout.ms = 45000
	group.consumer.session.timeout.ms = 45000
	group.coordinator.new.enable = false
	group.coordinator.threads = 1
	group.initial.rebalance.delay.ms = 0
	group.max.session.timeout.ms = 1800000
	group.max.size = 2147483647
	group.min.session.timeout.ms = 6000
	initial.broker.registration.timeout.ms = 60000
	inter.broker.listener.name = EXTERNAL
	inter.broker.protocol.version = 3.6-IV2
	kafka.metrics.polling.interval.secs = 10
	kafka.metrics.reporters = []
	leader.imbalance.check.interval.seconds = 300
	leader.imbalance.per.broker.percentage = 10
	listener.security.protocol.map = EXTERNAL:PLAINTEXT,CONTROLLER:PLAINTEXT
	listeners = EXTERNAL://localhost:0,CONTROLLER://localhost:0
	log.cleaner.backoff.ms = 15000
	log.cleaner.dedupe.buffer.size = 2097152
	log.cleaner.delete.retention.ms = 86400000
	log.cleaner.enable = true
	log.cleaner.io.buffer.load.factor = 0.9
	log.cleaner.io.buffer.size = 524288
	log.cleaner.io.max.bytes.per.second = 1.7976931348623157E308
	log.cleaner.max.compaction.lag.ms = 9223372036854775807
	log.cleaner.min.cleanable.ratio = 0.5
	log.cleaner.min.compaction.lag.ms = 0
	log.cleaner.threads = 1
	log.cleanup.policy = [delete]
	log.dir = /tmp/kafka-logs
	log.dirs = C:\Users\naiks\AppData\Local\Temp\kafka-12032947760620563118\broker_0_data0
	log.flush.interval.messages = 9223372036854775807
	log.flush.interval.ms = null
	log.flush.offset.checkpoint.interval.ms = 60000
	log.flush.scheduler.interval.ms = 9223372036854775807
	log.flush.start.offset.checkpoint.interval.ms = 60000
	log.index.interval.bytes = 4096
	log.index.size.max.bytes = 10485760
	log.local.retention.bytes = -2
	log.local.retention.ms = -2
	log.message.downconversion.enable = true
	log.message.format.version = 3.0-IV1
	log.message.timestamp.after.max.ms = 9223372036854775807
	log.message.timestamp.before.max.ms = 9223372036854775807
	log.message.timestamp.difference.max.ms = 9223372036854775807
	log.message.timestamp.type = CreateTime
	log.preallocate = false
	log.retention.bytes = -1
	log.retention.check.interval.ms = 300000
	log.retention.hours = 168
	log.retention.minutes = null
	log.retention.ms = null
	log.roll.hours = 168
	log.roll.jitter.hours = 0
	log.roll.jitter.ms = null
	log.roll.ms = null
	log.segment.bytes = 1073741824
	log.segment.delete.delay.ms = 60000
	max.connection.creation.rate = 2147483647
	max.connections = 2147483647
	max.connections.per.ip = 2147483647
	max.connections.per.ip.overrides = 
	max.incremental.fetch.session.cache.slots = 1000
	message.max.bytes = 1048588
	metadata.log.dir = C:\Users\naiks\AppData\Local\Temp\kafka-12032947760620563118\controller_0
	metadata.log.max.record.bytes.between.snapshots = 20971520
	metadata.log.max.snapshot.interval.ms = 3600000
	metadata.log.segment.bytes = 1073741824
	metadata.log.segment.min.bytes = 8388608
	metadata.log.segment.ms = 604800000
	metadata.max.idle.interval.ms = 500
	metadata.max.retention.bytes = 104857600
	metadata.max.retention.ms = 604800000
	metric.reporters = []
	metrics.num.samples = 2
	metrics.recording.level = INFO
	metrics.sample.window.ms = 30000
	min.insync.replicas = 1
	node.id = 0
	num.io.threads = 8
	num.network.threads = 3
	num.partitions = 1
	num.recovery.threads.per.data.dir = 1
	num.replica.alter.log.dirs.threads = null
	num.replica.fetchers = 1
	offset.metadata.max.bytes = 4096
	offsets.commit.required.acks = -1
	offsets.commit.timeout.ms = 5000
	offsets.load.buffer.size = 5242880
	offsets.retention.check.interval.ms = 600000
	offsets.retention.minutes = 10080
	offsets.topic.compression.codec = 0
	offsets.topic.num.partitions = 50
	offsets.topic.replication.factor = 1
	offsets.topic.segment.bytes = 104857600
	password.encoder.cipher.algorithm = AES/CBC/PKCS5Padding
	password.encoder.iterations = 4096
	password.encoder.key.length = 128
	password.encoder.keyfactory.algorithm = null
	password.encoder.old.secret = null
	password.encoder.secret = null
	principal.builder.class = class org.apache.kafka.common.security.authenticator.DefaultKafkaPrincipalBuilder
	process.roles = [broker, controller]
	producer.id.expiration.check.interval.ms = 600000
	producer.id.expiration.ms = 86400000
	producer.purgatory.purge.interval.requests = 1000
	queued.max.request.bytes = -1
	queued.max.requests = 500
	quota.window.num = 11
	quota.window.size.seconds = 1
	remote.log.index.file.cache.total.size.bytes = 1073741824
	remote.log.manager.task.interval.ms = 30000
	remote.log.manager.task.retry.backoff.max.ms = 30000
	remote.log.manager.task.retry.backoff.ms = 500
	remote.log.manager.task.retry.jitter = 0.2
	remote.log.manager.thread.pool.size = 10
	remote.log.metadata.custom.metadata.max.bytes = 128
	remote.log.metadata.manager.class.name = org.apache.kafka.server.log.remote.metadata.storage.TopicBasedRemoteLogMetadataManager
	remote.log.metadata.manager.class.path = null
	remote.log.metadata.manager.impl.prefix = rlmm.config.
	remote.log.metadata.manager.listener.name = null
	remote.log.reader.max.pending.tasks = 100
	remote.log.reader.threads = 10
	remote.log.storage.manager.class.name = null
	remote.log.storage.manager.class.path = null
	remote.log.storage.manager.impl.prefix = rsm.config.
	remote.log.storage.system.enable = false
	replica.fetch.backoff.ms = 1000
	replica.fetch.max.bytes = 1048576
	replica.fetch.min.bytes = 1
	replica.fetch.response.max.bytes = 10485760
	replica.fetch.wait.max.ms = 500
	replica.high.watermark.checkpoint.interval.ms = 5000
	replica.lag.time.max.ms = 30000
	replica.selector.class = null
	replica.socket.receive.buffer.bytes = 65536
	replica.socket.timeout.ms = 30000
	replication.quota.window.num = 11
	replication.quota.window.size.seconds = 1
	request.timeout.ms = 30000
	reserved.broker.max.id = 1000
	sasl.client.callback.handler.class = null
	sasl.enabled.mechanisms = [GSSAPI]
	sasl.jaas.config = null
	sasl.kerberos.kinit.cmd = /usr/bin/kinit
	sasl.kerberos.min.time.before.relogin = 60000
	sasl.kerberos.principal.to.local.rules = [DEFAULT]
	sasl.kerberos.service.name = null
	sasl.kerberos.ticket.renew.jitter = 0.05
	sasl.kerberos.ticket.renew.window.factor = 0.8
	sasl.login.callback.handler.class = null
	sasl.login.class = null
	sasl.login.connect.timeout.ms = null
	sasl.login.read.timeout.ms = null
	sasl.login.refresh.buffer.seconds = 300
	sasl.login.refresh.min.period.seconds = 60
	sasl.login.refresh.window.factor = 0.8
	sasl.login.refresh.window.jitter = 0.05
	sasl.login.retry.backoff.max.ms = 10000
	sasl.login.retry.backoff.ms = 100
	sasl.mechanism.controller.protocol = GSSAPI
	sasl.mechanism.inter.broker.protocol = GSSAPI
	sasl.oauthbearer.clock.skew.seconds = 30
	sasl.oauthbearer.expected.audience = null
	sasl.oauthbearer.expected.issuer = null
	sasl.oauthbearer.jwks.endpoint.refresh.ms = 3600000
	sasl.oauthbearer.jwks.endpoint.retry.backoff.max.ms = 10000
	sasl.oauthbearer.jwks.endpoint.retry.backoff.ms = 100
	sasl.oauthbearer.jwks.endpoint.url = null
	sasl.oauthbearer.scope.claim.name = scope
	sasl.oauthbearer.sub.claim.name = sub
	sasl.oauthbearer.token.endpoint.url = null
	sasl.server.callback.handler.class = null
	sasl.server.max.receive.size = 524288
	security.inter.broker.protocol = PLAINTEXT
	security.providers = null
	server.max.startup.time.ms = 600000
	socket.connection.setup.timeout.max.ms = 30000
	socket.connection.setup.timeout.ms = 10000
	socket.listen.backlog.size = 50
	socket.receive.buffer.bytes = 102400
	socket.request.max.bytes = 104857600
	socket.send.buffer.bytes = 102400
	ssl.cipher.suites = []
	ssl.client.auth = none
	ssl.enabled.protocols = [TLSv1.2, TLSv1.3]
	ssl.endpoint.identification.algorithm = https
	ssl.engine.factory.class = null
	ssl.key.password = null
	ssl.keymanager.algorithm = SunX509
	ssl.keystore.certificate.chain = null
	ssl.keystore.key = null
	ssl.keystore.location = null
	ssl.keystore.password = null
	ssl.keystore.type = JKS
	ssl.principal.mapping.rules = DEFAULT
	ssl.protocol = TLSv1.3
	ssl.provider = null
	ssl.secure.random.implementation = null
	ssl.trustmanager.algorithm = PKIX
	ssl.truststore.certificates = null
	ssl.truststore.location = null
	ssl.truststore.password = null
	ssl.truststore.type = JKS
	transaction.abort.timed.out.transaction.cleanup.interval.ms = 10000
	transaction.max.timeout.ms = 900000
	transaction.partition.verification.enable = true
	transaction.remove.expired.transaction.cleanup.interval.ms = 3600000
	transaction.state.log.load.buffer.size = 5242880
	transaction.state.log.min.isr = 2
	transaction.state.log.num.partitions = 50
	transaction.state.log.replication.factor = 3
	transaction.state.log.segment.bytes = 104857600
	transactional.id.expiration.ms = 604800000
	unclean.leader.election.enable = false
	unstable.api.versions.enable = false
	zookeeper.clientCnxnSocket = null
	zookeeper.connect = null
	zookeeper.connection.timeout.ms = null
	zookeeper.max.in.flight.requests = 10
	zookeeper.metadata.migration.enable = false
	zookeeper.metadata.migration.min.batch.size = 200
	zookeeper.session.timeout.ms = 18000
	zookeeper.set.acl = false
	zookeeper.ssl.cipher.suites = null
	zookeeper.ssl.client.enable = false
	zookeeper.ssl.crl.enable = false
	zookeeper.ssl.enabled.protocols = null
	zookeeper.ssl.endpoint.identification.algorithm = HTTPS
	zookeeper.ssl.keystore.location = null
	zookeeper.ssl.keystore.password = null
	zookeeper.ssl.keystore.type = null
	zookeeper.ssl.ocsp.enable = false
	zookeeper.ssl.protocol = TLSv1.2
	zookeeper.ssl.truststore.location = null
	zookeeper.ssl.truststore.password = null
	zookeeper.ssl.truststore.type = null

2026-03-25T16:26:02.133+05:30  INFO 21716 --- [-kit-executor-3] kafka.server.BrokerServer                : [BrokerServer id=0] Waiting for the broker to be unfenced
2026-03-25T16:26:02.134+05:30  INFO 21716 --- [0-event-handler] o.a.k.controller.BrokerHeartbeatManager  : [QuorumController id=0] The request from broker 0 to unfence has been granted because it has caught up with the offset of its register broker record 5.
2026-03-25T16:26:02.141+05:30  INFO 21716 --- [0-event-handler] o.a.k.controller.ClusterControlManager   : [QuorumController id=0] Replayed BrokerRegistrationChangeRecord modifying the registration for broker 0: BrokerRegistrationChangeRecord(brokerId=0, brokerEpoch=5, fenced=-1, inControlledShutdown=0)
2026-03-25T16:26:02.169+05:30  INFO 21716 --- [channel-manager] kafka.server.BrokerLifecycleManager      : [BrokerLifecycleManager id=0] The broker has been unfenced. Transitioning from RECOVERY to RUNNING.
2026-03-25T16:26:02.169+05:30  INFO 21716 --- [-kit-executor-3] kafka.server.BrokerServer                : [BrokerServer id=0] Finished waiting for the broker to be unfenced
2026-03-25T16:26:02.170+05:30  INFO 21716 --- [-kit-executor-3] o.a.k.s.network.EndpointReadyFutures     : authorizerStart completed for endpoint EXTERNAL. Endpoint is now READY.
2026-03-25T16:26:02.170+05:30  INFO 21716 --- [-kit-executor-3] kafka.network.SocketServer               : [SocketServer listenerType=BROKER, nodeId=0] Enabling request processing.
2026-03-25T16:26:02.171+05:30  INFO 21716 --- [-kit-executor-3] kafka.server.BrokerServer                : [BrokerServer id=0] Waiting for all of the authorizer futures to be completed
2026-03-25T16:26:02.171+05:30  INFO 21716 --- [-kit-executor-3] kafka.server.BrokerServer                : [BrokerServer id=0] Finished waiting for all of the authorizer futures to be completed
2026-03-25T16:26:02.171+05:30  INFO 21716 --- [-kit-executor-3] kafka.server.BrokerServer                : [BrokerServer id=0] Waiting for all of the SocketServer Acceptors to be started
2026-03-25T16:26:02.171+05:30  INFO 21716 --- [-kit-executor-3] kafka.server.BrokerServer                : [BrokerServer id=0] Finished waiting for all of the SocketServer Acceptors to be started
2026-03-25T16:26:02.171+05:30  INFO 21716 --- [-kit-executor-3] kafka.server.BrokerServer                : [BrokerServer id=0] Transition from STARTING to STARTED
2026-03-25T16:26:02.184+05:30  INFO 21716 --- [           main] o.a.k.clients.admin.AdminClientConfig    : AdminClientConfig values: 
	auto.include.jmx.reporter = true
	bootstrap.servers = [localhost:49695]
	client.dns.lookup = use_all_dns_ips
	client.id = 
	connections.max.idle.ms = 300000
	default.api.timeout.ms = 60000
	metadata.max.age.ms = 300000
	metric.reporters = []
	metrics.num.samples = 2
	metrics.recording.level = INFO
	metrics.sample.window.ms = 30000
	receive.buffer.bytes = 65536
	reconnect.backoff.max.ms = 1000
	reconnect.backoff.ms = 50
	request.timeout.ms = 30000
	retries = 2147483647
	retry.backoff.ms = 100
	sasl.client.callback.handler.class = null
	sasl.jaas.config = null
	sasl.kerberos.kinit.cmd = /usr/bin/kinit
	sasl.kerberos.min.time.before.relogin = 60000
	sasl.kerberos.service.name = null
	sasl.kerberos.ticket.renew.jitter = 0.05
	sasl.kerberos.ticket.renew.window.factor = 0.8
	sasl.login.callback.handler.class = null
	sasl.login.class = null
	sasl.login.connect.timeout.ms = null
	sasl.login.read.timeout.ms = null
	sasl.login.refresh.buffer.seconds = 300
	sasl.login.refresh.min.period.seconds = 60
	sasl.login.refresh.window.factor = 0.8
	sasl.login.refresh.window.jitter = 0.05
	sasl.login.retry.backoff.max.ms = 10000
	sasl.login.retry.backoff.ms = 100
	sasl.mechanism = GSSAPI
	sasl.oauthbearer.clock.skew.seconds = 30
	sasl.oauthbearer.expected.audience = null
	sasl.oauthbearer.expected.issuer = null
	sasl.oauthbearer.jwks.endpoint.refresh.ms = 3600000
	sasl.oauthbearer.jwks.endpoint.retry.backoff.max.ms = 10000
	sasl.oauthbearer.jwks.endpoint.retry.backoff.ms = 100
	sasl.oauthbearer.jwks.endpoint.url = null
	sasl.oauthbearer.scope.claim.name = scope
	sasl.oauthbearer.sub.claim.name = sub
	sasl.oauthbearer.token.endpoint.url = null
	security.protocol = PLAINTEXT
	security.providers = null
	send.buffer.bytes = 131072
	socket.connection.setup.timeout.max.ms = 30000
	socket.connection.setup.timeout.ms = 10000
	ssl.cipher.suites = null
	ssl.enabled.protocols = [TLSv1.2, TLSv1.3]
	ssl.endpoint.identification.algorithm = https
	ssl.engine.factory.class = null
	ssl.key.password = null
	ssl.keymanager.algorithm = SunX509
	ssl.keystore.certificate.chain = null
	ssl.keystore.key = null
	ssl.keystore.location = null
	ssl.keystore.password = null
	ssl.keystore.type = JKS
	ssl.protocol = TLSv1.3
	ssl.provider = null
	ssl.secure.random.implementation = null
	ssl.trustmanager.algorithm = PKIX
	ssl.truststore.certificates = null
	ssl.truststore.location = null
	ssl.truststore.password = null
	ssl.truststore.type = JKS

2026-03-25T16:26:02.208+05:30  INFO 21716 --- [           main] o.a.kafka.common.utils.AppInfoParser     : Kafka version: 3.6.2
2026-03-25T16:26:02.209+05:30  INFO 21716 --- [           main] o.a.kafka.common.utils.AppInfoParser     : Kafka commitId: c4deed513057c94e
2026-03-25T16:26:02.209+05:30  INFO 21716 --- [           main] o.a.kafka.common.utils.AppInfoParser     : Kafka startTimeMs: 1774436162208
2026-03-25T16:26:02.215+05:30  INFO 21716 --- [| adminclient-1] o.a.kafka.common.utils.AppInfoParser     : App info kafka.admin.client for adminclient-1 unregistered
2026-03-25T16:26:02.215+05:30  INFO 21716 --- [| adminclient-1] o.a.k.c.a.i.AdminMetadataManager         : [AdminClient clientId=adminclient-1] Metadata update failed

org.apache.kafka.common.errors.TimeoutException: Timed out waiting to send the call. Call: fetchMetadata

2026-03-25T16:26:02.218+05:30  INFO 21716 --- [| adminclient-1] o.a.k.clients.admin.KafkaAdminClient     : [AdminClient clientId=adminclient-1] Timed out 1 remaining operation(s) during close.
2026-03-25T16:26:02.221+05:30  INFO 21716 --- [| adminclient-1] o.apache.kafka.common.metrics.Metrics    : Metrics scheduler closed
2026-03-25T16:26:02.221+05:30  INFO 21716 --- [| adminclient-1] o.apache.kafka.common.metrics.Metrics    : Closing reporter org.apache.kafka.common.metrics.JmxReporter
2026-03-25T16:26:02.222+05:30  INFO 21716 --- [| adminclient-1] o.apache.kafka.common.metrics.Metrics    : Metrics reporters closed
2026-03-25T16:26:02.237+05:30  INFO 21716 --- [           main] com.jpmc.midascore.TaskFiveTests         : Starting TaskFiveTests using Java 25.0.2 with PID 21716 (started by naiks in C:\Users\naiks\Documents\GitHub\forage-midas)
2026-03-25T16:26:02.238+05:30  INFO 21716 --- [           main] com.jpmc.midascore.TaskFiveTests         : No active profile set, falling back to 1 default profile: "default"
2026-03-25T16:26:03.087+05:30  INFO 21716 --- [           main] .s.d.r.c.RepositoryConfigurationDelegate : Bootstrapping Spring Data JPA repositories in DEFAULT mode.
2026-03-25T16:26:03.164+05:30  INFO 21716 --- [           main] .s.d.r.c.RepositoryConfigurationDelegate : Finished Spring Data repository scanning in 61 ms. Found 1 JPA repository interface.
2026-03-25T16:26:03.914+05:30  INFO 21716 --- [           main] o.s.b.w.embedded.tomcat.TomcatWebServer  : Tomcat initialized with port 0 (http)
2026-03-25T16:26:03.936+05:30  INFO 21716 --- [           main] o.apache.catalina.core.StandardService   : Starting service [Tomcat]
2026-03-25T16:26:03.937+05:30  INFO 21716 --- [           main] o.apache.catalina.core.StandardEngine    : Starting Servlet engine: [Apache Tomcat/10.1.20]
2026-03-25T16:26:04.044+05:30  INFO 21716 --- [           main] o.a.c.c.C.[Tomcat].[localhost].[/]       : Initializing Spring embedded WebApplicationContext
2026-03-25T16:26:04.045+05:30  INFO 21716 --- [           main] w.s.c.ServletWebServerApplicationContext : Root WebApplicationContext: initialization completed in 1788 ms
2026-03-25T16:26:04.105+05:30  INFO 21716 --- [           main] com.zaxxer.hikari.HikariDataSource       : HikariPool-1 - Starting...
2026-03-25T16:26:04.348+05:30  INFO 21716 --- [           main] com.zaxxer.hikari.pool.HikariPool        : HikariPool-1 - Added connection conn0: url=jdbc:h2:mem:testdb user=SA
2026-03-25T16:26:04.350+05:30  INFO 21716 --- [           main] com.zaxxer.hikari.HikariDataSource       : HikariPool-1 - Start completed.
2026-03-25T16:26:04.369+05:30  INFO 21716 --- [           main] o.s.b.a.h2.H2ConsoleAutoConfiguration    : H2 console available at '/h2-console'. Database available at 'jdbc:h2:mem:testdb'
2026-03-25T16:26:04.619+05:30  INFO 21716 --- [           main] o.hibernate.jpa.internal.util.LogHelper  : HHH000204: Processing PersistenceUnitInfo [name: default]
2026-03-25T16:26:04.715+05:30  INFO 21716 --- [           main] org.hibernate.Version                    : HHH000412: Hibernate ORM core version 6.4.4.Final
2026-03-25T16:26:04.768+05:30  INFO 21716 --- [           main] o.h.c.internal.RegionFactoryInitiator    : HHH000026: Second-level cache disabled
2026-03-25T16:26:05.016+05:30  INFO 21716 --- [           main] o.s.o.j.p.SpringPersistenceUnitInfo      : No LoadTimeWeaver setup: ignoring JPA class transformer
2026-03-25T16:26:05.067+05:30  WARN 21716 --- [           main] org.hibernate.orm.deprecation            : HHH90000025: H2Dialect does not need to be specified explicitly using 'hibernate.dialect' (remove the property setting and it will be selected by default)
2026-03-25T16:26:05.965+05:30  INFO 21716 --- [           main] o.h.e.t.j.p.i.JtaPlatformInitiator       : HHH000489: No JTA platform available (set 'hibernate.transaction.jta.platform' to enable JTA platform integration)
2026-03-25T16:26:06.009+05:30  INFO 21716 --- [           main] j.LocalContainerEntityManagerFactoryBean : Initialized JPA EntityManagerFactory for persistence unit 'default'
2026-03-25T16:26:06.526+05:30  WARN 21716 --- [           main] JpaBaseConfiguration$JpaWebConfiguration : spring.jpa.open-in-view is enabled by default. Therefore, database queries may be performed during view rendering. Explicitly configure spring.jpa.open-in-view to disable this warning
2026-03-25T16:26:07.007+05:30  INFO 21716 --- [           main] o.s.b.w.embedded.tomcat.TomcatWebServer  : Tomcat started on port 49698 (http) with context path ''
2026-03-25T16:26:07.017+05:30  INFO 21716 --- [           main] com.jpmc.midascore.TaskFiveTests         : Started TaskFiveTests in 7.126 seconds (process running for 8.316)
2026-03-25T16:26:07.578+05:30  INFO 21716 --- [           main] o.a.k.clients.producer.ProducerConfig    : ProducerConfig values: 
	acks = -1
	auto.include.jmx.reporter = true
	batch.size = 16384
	bootstrap.servers = [localhost:49695]
	buffer.memory = 33554432
	client.dns.lookup = use_all_dns_ips
	client.id = producer-1
	compression.type = none
	connections.max.idle.ms = 540000
	delivery.timeout.ms = 120000
	enable.idempotence = true
	interceptor.classes = []
	key.serializer = class org.apache.kafka.common.serialization.StringSerializer
	linger.ms = 0
	max.block.ms = 60000
	max.in.flight.requests.per.connection = 5
	max.request.size = 1048576
	metadata.max.age.ms = 300000
	metadata.max.idle.ms = 300000
	metric.reporters = []
	metrics.num.samples = 2
	metrics.recording.level = INFO
	metrics.sample.window.ms = 30000
	partitioner.adaptive.partitioning.enable = true
	partitioner.availability.timeout.ms = 0
	partitioner.class = null
	partitioner.ignore.keys = false
	receive.buffer.bytes = 32768
	reconnect.backoff.max.ms = 1000
	reconnect.backoff.ms = 50
	request.timeout.ms = 30000
	retries = 2147483647
	retry.backoff.ms = 100
	sasl.client.callback.handler.class = null
	sasl.jaas.config = null
	sasl.kerberos.kinit.cmd = /usr/bin/kinit
	sasl.kerberos.min.time.before.relogin = 60000
	sasl.kerberos.service.name = null
	sasl.kerberos.ticket.renew.jitter = 0.05
	sasl.kerberos.ticket.renew.window.factor = 0.8
	sasl.login.callback.handler.class = null
	sasl.login.class = null
	sasl.login.connect.timeout.ms = null
	sasl.login.read.timeout.ms = null
	sasl.login.refresh.buffer.seconds = 300
	sasl.login.refresh.min.period.seconds = 60
	sasl.login.refresh.window.factor = 0.8
	sasl.login.refresh.window.jitter = 0.05
	sasl.login.retry.backoff.max.ms = 10000
	sasl.login.retry.backoff.ms = 100
	sasl.mechanism = GSSAPI
	sasl.oauthbearer.clock.skew.seconds = 30
	sasl.oauthbearer.expected.audience = null
	sasl.oauthbearer.expected.issuer = null
	sasl.oauthbearer.jwks.endpoint.refresh.ms = 3600000
	sasl.oauthbearer.jwks.endpoint.retry.backoff.max.ms = 10000
	sasl.oauthbearer.jwks.endpoint.retry.backoff.ms = 100
	sasl.oauthbearer.jwks.endpoint.url = null
	sasl.oauthbearer.scope.claim.name = scope
	sasl.oauthbearer.sub.claim.name = sub
	sasl.oauthbearer.token.endpoint.url = null
	security.protocol = PLAINTEXT
	security.providers = null
	send.buffer.bytes = 131072
	socket.connection.setup.timeout.max.ms = 30000
	socket.connection.setup.timeout.ms = 10000
	ssl.cipher.suites = null
	ssl.enabled.protocols = [TLSv1.2, TLSv1.3]
	ssl.endpoint.identification.algorithm = https
	ssl.engine.factory.class = null
	ssl.key.password = null
	ssl.keymanager.algorithm = SunX509
	ssl.keystore.certificate.chain = null
	ssl.keystore.key = null
	ssl.keystore.location = null
	ssl.keystore.password = null
	ssl.keystore.type = JKS
	ssl.protocol = TLSv1.3
	ssl.provider = null
	ssl.secure.random.implementation = null
	ssl.trustmanager.algorithm = PKIX
	ssl.truststore.certificates = null
	ssl.truststore.location = null
	ssl.truststore.password = null
	ssl.truststore.type = JKS
	transaction.timeout.ms = 60000
	transactional.id = null
	value.serializer = class org.springframework.kafka.support.serializer.JsonSerializer

2026-03-25T16:26:07.593+05:30  INFO 21716 --- [           main] o.a.k.clients.producer.KafkaProducer     : [Producer clientId=producer-1] Instantiated an idempotent producer.
2026-03-25T16:26:07.617+05:30  INFO 21716 --- [           main] o.a.kafka.common.utils.AppInfoParser     : Kafka version: 3.6.2
2026-03-25T16:26:07.617+05:30  INFO 21716 --- [           main] o.a.kafka.common.utils.AppInfoParser     : Kafka commitId: c4deed513057c94e
2026-03-25T16:26:07.617+05:30  INFO 21716 --- [           main] o.a.kafka.common.utils.AppInfoParser     : Kafka startTimeMs: 1774436167617
2026-03-25T16:26:07.645+05:30  INFO 21716 --- [quest-handler-7] k.s.DefaultAutoTopicCreationManager      : Sent auto-creation request for Set(transactions) to the active controller.
2026-03-25T16:26:07.661+05:30  WARN 21716 --- [ad | producer-1] org.apache.kafka.clients.NetworkClient   : [Producer clientId=producer-1] Error while fetching metadata with correlation id 1 : {transactions=UNKNOWN_TOPIC_OR_PARTITION}
2026-03-25T16:26:07.663+05:30  INFO 21716 --- [ad | producer-1] org.apache.kafka.clients.Metadata        : [Producer clientId=producer-1] Cluster ID: oNJhzecRReCQ5siaPiWQlQ
2026-03-25T16:26:07.674+05:30  INFO 21716 --- [0-event-handler] o.a.k.c.ReplicationControlManager        : [QuorumController id=0] CreateTopics result(s): CreatableTopic(name='transactions', numPartitions=1, replicationFactor=1, assignments=[], configs=[]): SUCCESS
2026-03-25T16:26:07.674+05:30  INFO 21716 --- [0-event-handler] o.a.k.c.ReplicationControlManager        : [QuorumController id=0] Replayed TopicRecord for topic transactions with topic ID OaJz3Z6cQn6kn7elgVANLA.
2026-03-25T16:26:07.675+05:30  INFO 21716 --- [0-event-handler] o.a.k.c.ReplicationControlManager        : [QuorumController id=0] Replayed PartitionRecord for new partition transactions-0 with topic ID OaJz3Z6cQn6kn7elgVANLA and PartitionRegistration(replicas=[0], isr=[0], removingReplicas=[], addingReplicas=[], leader=0, leaderRecoveryState=RECOVERED, leaderEpoch=0, partitionEpoch=0).
2026-03-25T16:26:07.709+05:30  INFO 21716 --- [r-event-handler] state.change.logger                      : [Broker id=0] Transitioning 1 partition(s) to local leaders.
2026-03-25T16:26:07.711+05:30  INFO 21716 --- [r-event-handler] kafka.server.ReplicaFetcherManager       : [ReplicaFetcherManager on broker 0] Removed fetcher for partitions Set(transactions-0)
2026-03-25T16:26:07.711+05:30  INFO 21716 --- [0-event-handler] o.a.k.c.ProducerIdControlManager         : [QuorumController id=0] Replaying ProducerIdsRecord ProducerIdsRecord(brokerId=0, brokerEpoch=5, nextProducerId=1000)
2026-03-25T16:26:07.713+05:30  INFO 21716 --- [r-event-handler] state.change.logger                      : [Broker id=0] Creating new partition transactions-0 with topic id OaJz3Z6cQn6kn7elgVANLA.
2026-03-25T16:26:07.732+05:30  INFO 21716 --- [r-event-handler] kafka.log.UnifiedLog$                    : [LogLoader partition=transactions-0, dir=C:\Users\naiks\AppData\Local\Temp\kafka-12032947760620563118\broker_0_data0] Loading producer state till offset 0 with message format version 2
2026-03-25T16:26:07.735+05:30  INFO 21716 --- [r-event-handler] kafka.log.LogManager                     : Created log for partition transactions-0 in C:\Users\naiks\AppData\Local\Temp\kafka-12032947760620563118\broker_0_data0\transactions-0 with properties {}
2026-03-25T16:26:07.739+05:30  INFO 21716 --- [r-event-handler] kafka.cluster.Partition                  : [Partition transactions-0 broker=0] No checkpointed highwatermark is found for partition transactions-0
2026-03-25T16:26:07.741+05:30  INFO 21716 --- [r-event-handler] kafka.cluster.Partition                  : [Partition transactions-0 broker=0] Log loaded for partition transactions-0 with initial high watermark 0
2026-03-25T16:26:07.744+05:30  INFO 21716 --- [r-event-handler] state.change.logger                      : [Broker id=0] Leader transactions-0 with topic id Some(OaJz3Z6cQn6kn7elgVANLA) starts at leader epoch 0 from offset 0 with partition epoch 0, high watermark 0, ISR [0], adding replicas [] and removing replicas [] . Previous leader None and previous leader epoch was -1.
2026-03-25T16:26:07.769+05:30  INFO 21716 --- [ad | producer-1] o.a.k.c.p.internals.TransactionManager   : [Producer clientId=producer-1] ProducerId set to 0 with epoch 0
2026-03-25T16:26:09.818+05:30  INFO 21716 --- [           main] com.jpmc.midascore.TaskFiveTests         : ----------------------------------------------------------
2026-03-25T16:26:09.818+05:30  INFO 21716 --- [           main] com.jpmc.midascore.TaskFiveTests         : ----------------------------------------------------------
2026-03-25T16:26:09.818+05:30  INFO 21716 --- [           main] com.jpmc.midascore.TaskFiveTests         : ----------------------------------------------------------
2026-03-25T16:26:09.818+05:30  INFO 21716 --- [           main] com.jpmc.midascore.TaskFiveTests         : submit the following output to complete the task (include begin and end output denotations)
2026-03-25T16:26:09.900+05:30  INFO 21716 --- [           main] o.a.k.clients.producer.KafkaProducer     : [Producer clientId=producer-1] Closing the Kafka producer with timeoutMillis = 30000 ms.
2026-03-25T16:26:09.903+05:30  INFO 21716 --- [           main] o.apache.kafka.common.metrics.Metrics    : Metrics scheduler closed
2026-03-25T16:26:09.903+05:30  INFO 21716 --- [           main] o.apache.kafka.common.metrics.Metrics    : Closing reporter org.apache.kafka.common.metrics.JmxReporter
2026-03-25T16:26:09.903+05:30  INFO 21716 --- [           main] o.apache.kafka.common.metrics.Metrics    : Metrics reporters closed
2026-03-25T16:26:09.904+05:30  INFO 21716 --- [           main] o.a.kafka.common.utils.AppInfoParser     : App info kafka.producer for producer-1 unregistered
2026-03-25T16:26:09.906+05:30  INFO 21716 --- [-kit-executor-4] kafka.server.BrokerServer                : [BrokerServer id=0] Transition from STARTED to SHUTTING_DOWN
2026-03-25T16:26:09.906+05:30  INFO 21716 --- [-kit-executor-4] kafka.server.BrokerServer                : [BrokerServer id=0] shutting down
2026-03-25T16:26:09.908+05:30  INFO 21716 --- [r-event-handler] kafka.server.BrokerLifecycleManager      : [BrokerLifecycleManager id=0] Beginning controlled shutdown.
2026-03-25T16:26:09.909+05:30  INFO 21716 --- [0-event-handler] o.a.k.controller.BrokerHeartbeatManager  : [QuorumController id=0] Unfenced broker 0 has requested and been granted a controlled shutdown.
2026-03-25T16:26:09.912+05:30  INFO 21716 --- [0-event-handler] o.a.k.c.ReplicationControlManager        : [QuorumController id=0] enterControlledShutdown[0]: changing 1 partition(s)
2026-03-25T16:26:09.912+05:30  INFO 21716 --- [0-event-handler] o.a.k.controller.ClusterControlManager   : [QuorumController id=0] Replayed BrokerRegistrationChangeRecord modifying the registration for broker 0: BrokerRegistrationChangeRecord(brokerId=0, brokerEpoch=5, fenced=0, inControlledShutdown=1)
2026-03-25T16:26:09.939+05:30  INFO 21716 --- [channel-manager] kafka.server.BrokerLifecycleManager      : [BrokerLifecycleManager id=0] The broker is in PENDING_CONTROLLED_SHUTDOWN state, still waiting for the active controller.
2026-03-25T16:26:09.939+05:30  INFO 21716 --- [r-event-handler] state.change.logger                      : [Broker id=0] Transitioning 1 partition(s) to local followers.
2026-03-25T16:26:09.942+05:30  INFO 21716 --- [r-event-handler] state.change.logger                      : [Broker id=0] Follower transactions-0 starts at leader epoch 1 from offset 22 with partition epoch 1 and high watermark 22. Current leader is -1. Previous leader Some(-1) and previous leader epoch was 1.
2026-03-25T16:26:09.945+05:30  INFO 21716 --- [r-event-handler] kafka.server.ReplicaFetcherManager       : [ReplicaFetcherManager on broker 0] Removed fetcher for partitions Set(transactions-0)
2026-03-25T16:26:09.946+05:30  INFO 21716 --- [r-event-handler] k.server.ReplicaAlterLogDirsManager      : [ReplicaAlterLogDirsManager on broker 0] Removed fetcher for partitions Set(transactions-0)
2026-03-25T16:26:09.946+05:30  INFO 21716 --- [r-event-handler] state.change.logger                      : [Broker id=0] Stopped fetchers as part of controlled shutdown for 1 partitions
2026-03-25T16:26:09.992+05:30  INFO 21716 --- [0-event-handler] o.a.k.controller.BrokerHeartbeatManager  : [QuorumController id=0] The request from broker 0 to shut down has been granted since the lowest active offset 9223372036854775807 is now greater than the broker's controlled shutdown offset 27.
2026-03-25T16:26:09.993+05:30  INFO 21716 --- [0-event-handler] o.a.k.controller.ClusterControlManager   : [QuorumController id=0] Replayed BrokerRegistrationChangeRecord modifying the registration for broker 0: BrokerRegistrationChangeRecord(brokerId=0, brokerEpoch=5, fenced=1, inControlledShutdown=0)
2026-03-25T16:26:10.022+05:30  INFO 21716 --- [channel-manager] kafka.server.BrokerLifecycleManager      : [BrokerLifecycleManager id=0] The controller has asked us to exit controlled shutdown.
2026-03-25T16:26:10.023+05:30  INFO 21716 --- [channel-manager] org.apache.kafka.queue.KafkaEventQueue   : [BrokerLifecycleManager id=0] beginShutdown: shutting down event queue.
2026-03-25T16:26:10.023+05:30  INFO 21716 --- [r-event-handler] kafka.server.BrokerLifecycleManager      : [BrokerLifecycleManager id=0] Transitioning from PENDING_CONTROLLED_SHUTDOWN to SHUTTING_DOWN.
2026-03-25T16:26:10.023+05:30  INFO 21716 --- [r-event-handler] k.s.BrokerToControllerRequestThread      : [broker-0-to-controller-heartbeat-channel-manager]: Shutting down
2026-03-25T16:26:10.023+05:30  INFO 21716 --- [channel-manager] k.s.BrokerToControllerRequestThread      : [broker-0-to-controller-heartbeat-channel-manager]: Stopped
2026-03-25T16:26:10.023+05:30  INFO 21716 --- [r-event-handler] k.s.BrokerToControllerRequestThread      : [broker-0-to-controller-heartbeat-channel-manager]: Shutdown completed
2026-03-25T16:26:10.025+05:30  INFO 21716 --- [-kit-executor-4] kafka.network.SocketServer               : [SocketServer listenerType=BROKER, nodeId=0] Stopping socket server request processors
2026-03-25T16:26:10.026+05:30  INFO 21716 --- [r-event-handler] k.s.BrokerToControllerChannelManagerImpl : Broker to controller channel manager for heartbeat shutdown
2026-03-25T16:26:10.032+05:30  INFO 21716 --- [-kit-executor-4] kafka.network.SocketServer               : [SocketServer listenerType=BROKER, nodeId=0] Stopped socket server request processors
2026-03-25T16:26:10.033+05:30  INFO 21716 --- [-kit-executor-4] kafka.server.KafkaRequestHandlerPool     : [data-plane Kafka Request Handler on Broker 0], shutting down
2026-03-25T16:26:10.035+05:30  INFO 21716 --- [-kit-executor-4] kafka.server.KafkaRequestHandlerPool     : [data-plane Kafka Request Handler on Broker 0], shut down completely
2026-03-25T16:26:10.036+05:30  INFO 21716 --- [-kit-executor-4] perationPurgatory$ExpiredOperationReaper : [ExpirationReaper-0-AlterAcls]: Shutting down
2026-03-25T16:26:10.037+05:30  INFO 21716 --- [per-0-AlterAcls] perationPurgatory$ExpiredOperationReaper : [ExpirationReaper-0-AlterAcls]: Stopped
2026-03-25T16:26:10.037+05:30  INFO 21716 --- [-kit-executor-4] perationPurgatory$ExpiredOperationReaper : [ExpirationReaper-0-AlterAcls]: Shutdown completed
2026-03-25T16:26:10.038+05:30  INFO 21716 --- [-kit-executor-4] kafka.server.KafkaApis                   : [KafkaApi-0] Shutdown complete.
2026-03-25T16:26:10.040+05:30  INFO 21716 --- [-kit-executor-4] k.c.transaction.TransactionCoordinator   : [TransactionCoordinator id=0] Shutting down.
2026-03-25T16:26:10.041+05:30  INFO 21716 --- [-kit-executor-4] k.c.transaction.TransactionStateManager  : [Transaction State Manager 0]: Shutdown complete
2026-03-25T16:26:10.041+05:30  INFO 21716 --- [-kit-executor-4] k.c.t.TransactionMarkerChannelManager    : [TxnMarkerSenderThread-0]: Shutting down
2026-03-25T16:26:10.041+05:30  INFO 21716 --- [rSenderThread-0] k.c.t.TransactionMarkerChannelManager    : [TxnMarkerSenderThread-0]: Stopped
2026-03-25T16:26:10.041+05:30  INFO 21716 --- [-kit-executor-4] k.c.t.TransactionMarkerChannelManager    : [TxnMarkerSenderThread-0]: Shutdown completed
2026-03-25T16:26:10.043+05:30  INFO 21716 --- [-kit-executor-4] k.c.transaction.TransactionCoordinator   : [TransactionCoordinator id=0] Shutdown complete.
2026-03-25T16:26:10.043+05:30  INFO 21716 --- [-kit-executor-4] k.coordinator.group.GroupCoordinator     : [GroupCoordinator 0]: Shutting down.
2026-03-25T16:26:10.044+05:30  INFO 21716 --- [-kit-executor-4] perationPurgatory$ExpiredOperationReaper : [ExpirationReaper-0-Heartbeat]: Shutting down
2026-03-25T16:26:10.044+05:30  INFO 21716 --- [per-0-Heartbeat] perationPurgatory$ExpiredOperationReaper : [ExpirationReaper-0-Heartbeat]: Stopped
2026-03-25T16:26:10.044+05:30  INFO 21716 --- [-kit-executor-4] perationPurgatory$ExpiredOperationReaper : [ExpirationReaper-0-Heartbeat]: Shutdown completed
2026-03-25T16:26:10.045+05:30  INFO 21716 --- [-kit-executor-4] perationPurgatory$ExpiredOperationReaper : [ExpirationReaper-0-Rebalance]: Shutting down
2026-03-25T16:26:10.045+05:30  INFO 21716 --- [per-0-Rebalance] perationPurgatory$ExpiredOperationReaper : [ExpirationReaper-0-Rebalance]: Stopped
2026-03-25T16:26:10.045+05:30  INFO 21716 --- [-kit-executor-4] perationPurgatory$ExpiredOperationReaper : [ExpirationReaper-0-Rebalance]: Shutdown completed
2026-03-25T16:26:10.045+05:30  INFO 21716 --- [-kit-executor-4] k.coordinator.group.GroupCoordinator     : [GroupCoordinator 0]: Shutdown complete.
2026-03-25T16:26:10.046+05:30  INFO 21716 --- [-kit-executor-4] kafka.server.ReplicaManager              : [ReplicaManager broker=0] Shutting down
2026-03-25T16:26:10.047+05:30  INFO 21716 --- [-kit-executor-4] k.s.ReplicaManager$LogDirFailureHandler  : [LogDirFailureHandler]: Shutting down
2026-03-25T16:26:10.047+05:30  INFO 21716 --- [rFailureHandler] k.s.ReplicaManager$LogDirFailureHandler  : [LogDirFailureHandler]: Stopped
2026-03-25T16:26:10.047+05:30  INFO 21716 --- [-kit-executor-4] k.s.ReplicaManager$LogDirFailureHandler  : [LogDirFailureHandler]: Shutdown completed
2026-03-25T16:26:10.047+05:30  INFO 21716 --- [-kit-executor-4] kafka.server.ReplicaFetcherManager       : [ReplicaFetcherManager on broker 0] shutting down
2026-03-25T16:26:10.048+05:30  INFO 21716 --- [-kit-executor-4] kafka.server.ReplicaFetcherManager       : [ReplicaFetcherManager on broker 0] shutdown completed
2026-03-25T16:26:10.048+05:30  INFO 21716 --- [-kit-executor-4] k.server.ReplicaAlterLogDirsManager      : [ReplicaAlterLogDirsManager on broker 0] shutting down
2026-03-25T16:26:10.049+05:30  INFO 21716 --- [-kit-executor-4] k.server.ReplicaAlterLogDirsManager      : [ReplicaAlterLogDirsManager on broker 0] shutdown completed
2026-03-25T16:26:10.049+05:30  INFO 21716 --- [-kit-executor-4] perationPurgatory$ExpiredOperationReaper : [ExpirationReaper-0-Fetch]: Shutting down
2026-03-25T16:26:10.049+05:30  INFO 21716 --- [-kit-executor-4] perationPurgatory$ExpiredOperationReaper : [ExpirationReaper-0-Fetch]: Shutdown completed
2026-03-25T16:26:10.049+05:30  INFO 21716 --- [nReaper-0-Fetch] perationPurgatory$ExpiredOperationReaper : [ExpirationReaper-0-Fetch]: Stopped
2026-03-25T16:26:10.049+05:30  INFO 21716 --- [-kit-executor-4] perationPurgatory$ExpiredOperationReaper : [ExpirationReaper-0-RemoteFetch]: Shutting down
2026-03-25T16:26:10.049+05:30  INFO 21716 --- [r-0-RemoteFetch] perationPurgatory$ExpiredOperationReaper : [ExpirationReaper-0-RemoteFetch]: Stopped
2026-03-25T16:26:10.049+05:30  INFO 21716 --- [-kit-executor-4] perationPurgatory$ExpiredOperationReaper : [ExpirationReaper-0-RemoteFetch]: Shutdown completed
2026-03-25T16:26:10.049+05:30  INFO 21716 --- [-kit-executor-4] perationPurgatory$ExpiredOperationReaper : [ExpirationReaper-0-Produce]: Shutting down
2026-03-25T16:26:10.050+05:30  INFO 21716 --- [-kit-executor-4] perationPurgatory$ExpiredOperationReaper : [ExpirationReaper-0-Produce]: Shutdown completed
2026-03-25T16:26:10.050+05:30  INFO 21716 --- [eaper-0-Produce] perationPurgatory$ExpiredOperationReaper : [ExpirationReaper-0-Produce]: Stopped
2026-03-25T16:26:10.050+05:30  INFO 21716 --- [-kit-executor-4] perationPurgatory$ExpiredOperationReaper : [ExpirationReaper-0-DeleteRecords]: Shutting down
2026-03-25T16:26:10.050+05:30  INFO 21716 --- [0-DeleteRecords] perationPurgatory$ExpiredOperationReaper : [ExpirationReaper-0-DeleteRecords]: Stopped
2026-03-25T16:26:10.050+05:30  INFO 21716 --- [-kit-executor-4] perationPurgatory$ExpiredOperationReaper : [ExpirationReaper-0-DeleteRecords]: Shutdown completed
2026-03-25T16:26:10.050+05:30  INFO 21716 --- [-kit-executor-4] perationPurgatory$ExpiredOperationReaper : [ExpirationReaper-0-ElectLeader]: Shutting down
2026-03-25T16:26:10.050+05:30  INFO 21716 --- [r-0-ElectLeader] perationPurgatory$ExpiredOperationReaper : [ExpirationReaper-0-ElectLeader]: Stopped
2026-03-25T16:26:10.050+05:30  INFO 21716 --- [-kit-executor-4] perationPurgatory$ExpiredOperationReaper : [ExpirationReaper-0-ElectLeader]: Shutdown completed
2026-03-25T16:26:10.057+05:30  INFO 21716 --- [-kit-executor-4] kafka.server.AddPartitionsToTxnManager   : [AddPartitionsToTxnSenderThread-0]: Shutting down
2026-03-25T16:26:10.058+05:30  INFO 21716 --- [nSenderThread-0] kafka.server.AddPartitionsToTxnManager   : [AddPartitionsToTxnSenderThread-0]: Stopped
2026-03-25T16:26:10.058+05:30  INFO 21716 --- [-kit-executor-4] kafka.server.AddPartitionsToTxnManager   : [AddPartitionsToTxnSenderThread-0]: Shutdown completed
2026-03-25T16:26:10.058+05:30  INFO 21716 --- [-kit-executor-4] kafka.server.ReplicaManager              : [ReplicaManager broker=0] Shut down completely
2026-03-25T16:26:10.058+05:30  INFO 21716 --- [-kit-executor-4] k.s.BrokerToControllerRequestThread      : [broker-0-to-controller-alter-partition-channel-manager]: Shutting down
2026-03-25T16:26:10.059+05:30  INFO 21716 --- [channel-manager] k.s.BrokerToControllerRequestThread      : [broker-0-to-controller-alter-partition-channel-manager]: Stopped
2026-03-25T16:26:10.059+05:30  INFO 21716 --- [-kit-executor-4] k.s.BrokerToControllerRequestThread      : [broker-0-to-controller-alter-partition-channel-manager]: Shutdown completed
2026-03-25T16:26:10.059+05:30  INFO 21716 --- [-kit-executor-4] k.s.BrokerToControllerChannelManagerImpl : Broker to controller channel manager for alter-partition shutdown
2026-03-25T16:26:10.059+05:30  INFO 21716 --- [-kit-executor-4] k.s.BrokerToControllerRequestThread      : [broker-0-to-controller-forwarding-channel-manager]: Shutting down
2026-03-25T16:26:10.059+05:30  INFO 21716 --- [-kit-executor-4] k.s.BrokerToControllerRequestThread      : [broker-0-to-controller-forwarding-channel-manager]: Shutdown completed
2026-03-25T16:26:10.059+05:30  INFO 21716 --- [channel-manager] k.s.BrokerToControllerRequestThread      : [broker-0-to-controller-forwarding-channel-manager]: Stopped
2026-03-25T16:26:10.060+05:30  INFO 21716 --- [-kit-executor-4] k.s.BrokerToControllerChannelManagerImpl : Broker to controller channel manager for forwarding shutdown
2026-03-25T16:26:10.061+05:30  INFO 21716 --- [-kit-executor-4] kafka.log.LogManager                     : Shutting down.
2026-03-25T16:26:10.061+05:30  INFO 21716 --- [-kit-executor-4] kafka.log.LogCleaner                     : Shutting down the log cleaner.
2026-03-25T16:26:10.062+05:30  INFO 21716 --- [-kit-executor-4] kafka.log.LogCleaner$CleanerThread       : [kafka-log-cleaner-thread-0]: Shutting down
2026-03-25T16:26:10.062+05:30  INFO 21716 --- [leaner-thread-0] kafka.log.LogCleaner$CleanerThread       : [kafka-log-cleaner-thread-0]: Stopped
2026-03-25T16:26:10.062+05:30  INFO 21716 --- [-kit-executor-4] kafka.log.LogCleaner$CleanerThread       : [kafka-log-cleaner-thread-0]: Shutdown completed
2026-03-25T16:26:10.071+05:30  INFO 21716 --- [\broker_0_data0] o.a.k.s.i.log.ProducerStateManager       : [ProducerStateManager partition=transactions-0]Wrote producer snapshot at offset 22 with 1 producer ids in 3 ms.
2026-03-25T16:26:10.094+05:30  INFO 21716 --- [-kit-executor-4] kafka.log.LogManager                     : Shutdown complete.
2026-03-25T16:26:10.094+05:30  INFO 21716 --- [-kit-executor-4] lientQuotaManager$ThrottledChannelReaper : [broker-0-ThrottledChannelReaper-Fetch]: Shutting down
2026-03-25T16:26:10.096+05:30  INFO 21716 --- [nelReaper-Fetch] lientQuotaManager$ThrottledChannelReaper : [broker-0-ThrottledChannelReaper-Fetch]: Stopped
2026-03-25T16:26:10.096+05:30  INFO 21716 --- [-kit-executor-4] lientQuotaManager$ThrottledChannelReaper : [broker-0-ThrottledChannelReaper-Fetch]: Shutdown completed
2026-03-25T16:26:10.096+05:30  INFO 21716 --- [-kit-executor-4] lientQuotaManager$ThrottledChannelReaper : [broker-0-ThrottledChannelReaper-Produce]: Shutting down
2026-03-25T16:26:10.097+05:30  INFO 21716 --- [lReaper-Produce] lientQuotaManager$ThrottledChannelReaper : [broker-0-ThrottledChannelReaper-Produce]: Stopped
2026-03-25T16:26:10.097+05:30  INFO 21716 --- [-kit-executor-4] lientQuotaManager$ThrottledChannelReaper : [broker-0-ThrottledChannelReaper-Produce]: Shutdown completed
2026-03-25T16:26:10.097+05:30  INFO 21716 --- [-kit-executor-4] lientQuotaManager$ThrottledChannelReaper : [broker-0-ThrottledChannelReaper-Request]: Shutting down
2026-03-25T16:26:10.097+05:30  INFO 21716 --- [lReaper-Request] lientQuotaManager$ThrottledChannelReaper : [broker-0-ThrottledChannelReaper-Request]: Stopped
2026-03-25T16:26:10.097+05:30  INFO 21716 --- [-kit-executor-4] lientQuotaManager$ThrottledChannelReaper : [broker-0-ThrottledChannelReaper-Request]: Shutdown completed
2026-03-25T16:26:10.097+05:30  INFO 21716 --- [-kit-executor-4] lientQuotaManager$ThrottledChannelReaper : [broker-0-ThrottledChannelReaper-ControllerMutation]: Shutting down
2026-03-25T16:26:10.097+05:30  INFO 21716 --- [trollerMutation] lientQuotaManager$ThrottledChannelReaper : [broker-0-ThrottledChannelReaper-ControllerMutation]: Stopped
2026-03-25T16:26:10.097+05:30  INFO 21716 --- [-kit-executor-4] lientQuotaManager$ThrottledChannelReaper : [broker-0-ThrottledChannelReaper-ControllerMutation]: Shutdown completed
2026-03-25T16:26:10.098+05:30  INFO 21716 --- [-kit-executor-4] kafka.network.SocketServer               : [SocketServer listenerType=BROKER, nodeId=0] Shutting down socket server
2026-03-25T16:26:10.111+05:30  INFO 21716 --- [-kit-executor-4] kafka.network.SocketServer               : [SocketServer listenerType=BROKER, nodeId=0] Shutdown completed
2026-03-25T16:26:10.112+05:30  INFO 21716 --- [-kit-executor-4] kafka.server.BrokerTopicStats            : Broker and topic stats closed
2026-03-25T16:26:10.112+05:30  INFO 21716 --- [-kit-executor-4] org.apache.kafka.queue.KafkaEventQueue   : [BrokerLifecycleManager id=0] closed event queue.
2026-03-25T16:26:10.112+05:30  INFO 21716 --- [-kit-executor-4] kafka.server.BrokerServer                : [BrokerServer id=0] shut down completed
2026-03-25T16:26:10.112+05:30  INFO 21716 --- [-kit-executor-4] kafka.server.BrokerServer                : [BrokerServer id=0] Transition from SHUTTING_DOWN to SHUTDOWN
2026-03-25T16:26:10.113+05:30  INFO 21716 --- [-kit-executor-1] kafka.server.ControllerServer            : [ControllerServer id=0] shutting down
2026-03-25T16:26:10.123+05:30  INFO 21716 --- [-kit-executor-1] ExpirationService$ExpiredOperationReaper : [raft-expiration-reaper]: Shutting down
2026-03-25T16:26:10.296+05:30  INFO 21716 --- [piration-reaper] ExpirationService$ExpiredOperationReaper : [raft-expiration-reaper]: Stopped
2026-03-25T16:26:10.296+05:30  INFO 21716 --- [-kit-executor-1] ExpirationService$ExpiredOperationReaper : [raft-expiration-reaper]: Shutdown completed
2026-03-25T16:26:10.297+05:30  INFO 21716 --- [-kit-executor-1] k.raft.KafkaRaftManager$RaftIoThread     : [kafka-0-raft-io-thread]: Shutting down
2026-03-25T16:26:10.297+05:30  INFO 21716 --- [-kit-executor-1] org.apache.kafka.raft.KafkaRaftClient    : [RaftManager id=0] Beginning graceful shutdown
2026-03-25T16:26:10.298+05:30  INFO 21716 --- [-raft-io-thread] org.apache.kafka.raft.KafkaRaftClient    : [RaftManager id=0] Graceful shutdown completed
2026-03-25T16:26:10.299+05:30  INFO 21716 --- [-raft-io-thread] k.raft.KafkaRaftManager$RaftIoThread     : [kafka-0-raft-io-thread]: Completed graceful shutdown of RaftClient
2026-03-25T16:26:10.299+05:30  INFO 21716 --- [-raft-io-thread] k.raft.KafkaRaftManager$RaftIoThread     : [kafka-0-raft-io-thread]: Stopped
2026-03-25T16:26:10.299+05:30  INFO 21716 --- [-kit-executor-1] k.raft.KafkaRaftManager$RaftIoThread     : [kafka-0-raft-io-thread]: Shutdown completed
2026-03-25T16:26:10.301+05:30  INFO 21716 --- [-kit-executor-1] kafka.raft.RaftSendThread                : [kafka-0-raft-outbound-request-thread]: Shutting down
2026-03-25T16:26:10.302+05:30  INFO 21716 --- [-request-thread] kafka.raft.RaftSendThread                : [kafka-0-raft-outbound-request-thread]: Stopped
2026-03-25T16:26:10.302+05:30  INFO 21716 --- [-kit-executor-1] kafka.raft.RaftSendThread                : [kafka-0-raft-outbound-request-thread]: Shutdown completed
2026-03-25T16:26:10.306+05:30  INFO 21716 --- [-kit-executor-1] o.a.k.s.i.log.ProducerStateManager       : [ProducerStateManager partition=__cluster_metadata-0]Wrote producer snapshot at offset 29 with 0 producer ids in 2 ms.
2026-03-25T16:26:10.312+05:30  INFO 21716 --- [-kit-executor-1] kafka.network.SocketServer               : [SocketServer listenerType=CONTROLLER, nodeId=0] Stopping socket server request processors
2026-03-25T16:26:10.315+05:30  INFO 21716 --- [-kit-executor-1] kafka.network.SocketServer               : [SocketServer listenerType=CONTROLLER, nodeId=0] Stopped socket server request processors
2026-03-25T16:26:10.316+05:30  INFO 21716 --- [-kit-executor-1] org.apache.kafka.queue.KafkaEventQueue   : [QuorumController id=0] QuorumController#beginShutdown: shutting down event queue.
2026-03-25T16:26:10.317+05:30  INFO 21716 --- [-kit-executor-1] kafka.network.SocketServer               : [SocketServer listenerType=CONTROLLER, nodeId=0] Shutting down socket server
2026-03-25T16:26:10.318+05:30  INFO 21716 --- [0-event-handler] o.a.kafka.controller.QuorumController    : [QuorumController id=0] writeNoOpRecord: event unable to start processing because of RejectedExecutionException (treated as TimeoutException).
2026-03-25T16:26:10.320+05:30  INFO 21716 --- [0-event-handler] o.a.kafka.controller.QuorumController    : [QuorumController id=0] maybeBalancePartitionLeaders: event unable to start processing because of RejectedExecutionException (treated as TimeoutException).
2026-03-25T16:26:10.323+05:30  INFO 21716 --- [-kit-executor-1] kafka.network.SocketServer               : [SocketServer listenerType=CONTROLLER, nodeId=0] Shutdown completed
2026-03-25T16:26:10.324+05:30  INFO 21716 --- [-kit-executor-1] kafka.server.KafkaRequestHandlerPool     : [data-plane Kafka Request Handler on Broker 0], shutting down
2026-03-25T16:26:10.325+05:30  INFO 21716 --- [-kit-executor-1] kafka.server.KafkaRequestHandlerPool     : [data-plane Kafka Request Handler on Broker 0], shut down completely
2026-03-25T16:26:10.325+05:30  INFO 21716 --- [-kit-executor-1] perationPurgatory$ExpiredOperationReaper : [ExpirationReaper-0-AlterAcls]: Shutting down
2026-03-25T16:26:10.325+05:30  INFO 21716 --- [-kit-executor-1] perationPurgatory$ExpiredOperationReaper : [ExpirationReaper-0-AlterAcls]: Shutdown completed
2026-03-25T16:26:10.326+05:30  INFO 21716 --- [per-0-AlterAcls] perationPurgatory$ExpiredOperationReaper : [ExpirationReaper-0-AlterAcls]: Stopped
2026-03-25T16:26:10.326+05:30  INFO 21716 --- [-kit-executor-1] lientQuotaManager$ThrottledChannelReaper : [controller-0-ThrottledChannelReaper-Fetch]: Shutting down
2026-03-25T16:26:10.326+05:30  INFO 21716 --- [nelReaper-Fetch] lientQuotaManager$ThrottledChannelReaper : [controller-0-ThrottledChannelReaper-Fetch]: Stopped
2026-03-25T16:26:10.326+05:30  INFO 21716 --- [-kit-executor-1] lientQuotaManager$ThrottledChannelReaper : [controller-0-ThrottledChannelReaper-Fetch]: Shutdown completed
2026-03-25T16:26:10.327+05:30  INFO 21716 --- [-kit-executor-1] lientQuotaManager$ThrottledChannelReaper : [controller-0-ThrottledChannelReaper-Produce]: Shutting down
2026-03-25T16:26:10.327+05:30  INFO 21716 --- [-kit-executor-1] lientQuotaManager$ThrottledChannelReaper : [controller-0-ThrottledChannelReaper-Produce]: Shutdown completed
2026-03-25T16:26:10.327+05:30  INFO 21716 --- [lReaper-Produce] lientQuotaManager$ThrottledChannelReaper : [controller-0-ThrottledChannelReaper-Produce]: Stopped
2026-03-25T16:26:10.327+05:30  INFO 21716 --- [-kit-executor-1] lientQuotaManager$ThrottledChannelReaper : [controller-0-ThrottledChannelReaper-Request]: Shutting down
2026-03-25T16:26:10.327+05:30  INFO 21716 --- [lReaper-Request] lientQuotaManager$ThrottledChannelReaper : [controller-0-ThrottledChannelReaper-Request]: Stopped
2026-03-25T16:26:10.327+05:30  INFO 21716 --- [-kit-executor-1] lientQuotaManager$ThrottledChannelReaper : [controller-0-ThrottledChannelReaper-Request]: Shutdown completed
2026-03-25T16:26:10.327+05:30  INFO 21716 --- [-kit-executor-1] lientQuotaManager$ThrottledChannelReaper : [controller-0-ThrottledChannelReaper-ControllerMutation]: Shutting down
2026-03-25T16:26:10.327+05:30  INFO 21716 --- [trollerMutation] lientQuotaManager$ThrottledChannelReaper : [controller-0-ThrottledChannelReaper-ControllerMutation]: Stopped
2026-03-25T16:26:10.327+05:30  INFO 21716 --- [-kit-executor-1] lientQuotaManager$ThrottledChannelReaper : [controller-0-ThrottledChannelReaper-ControllerMutation]: Shutdown completed
2026-03-25T16:26:10.327+05:30  INFO 21716 --- [-kit-executor-1] org.apache.kafka.queue.KafkaEventQueue   : [QuorumController id=0] closed event queue.
2026-03-25T16:26:10.329+05:30  INFO 21716 --- [-kit-executor-1] kafka.server.SharedServer                : [SharedServer id=0] Stopping SharedServer
2026-03-25T16:26:10.329+05:30  INFO 21716 --- [-kit-executor-1] org.apache.kafka.queue.KafkaEventQueue   : [MetadataLoader id=0] beginShutdown: shutting down event queue.
2026-03-25T16:26:10.329+05:30  INFO 21716 --- [r-event-handler] org.apache.kafka.queue.KafkaEventQueue   : [SnapshotGenerator id=0] close: shutting down event queue.
2026-03-25T16:26:10.330+05:30  INFO 21716 --- [r-event-handler] org.apache.kafka.queue.KafkaEventQueue   : [SnapshotGenerator id=0] closed event queue.
2026-03-25T16:26:10.330+05:30  INFO 21716 --- [-kit-executor-1] org.apache.kafka.queue.KafkaEventQueue   : [MetadataLoader id=0] closed event queue.
2026-03-25T16:26:10.330+05:30  INFO 21716 --- [-kit-executor-1] org.apache.kafka.queue.KafkaEventQueue   : [SnapshotGenerator id=0] closed event queue.
2026-03-25T16:26:10.331+05:30  INFO 21716 --- [-kit-executor-1] o.apache.kafka.common.metrics.Metrics    : Metrics scheduler closed
2026-03-25T16:26:10.331+05:30  INFO 21716 --- [-kit-executor-1] o.apache.kafka.common.metrics.Metrics    : Closing reporter org.apache.kafka.common.metrics.JmxReporter
2026-03-25T16:26:10.331+05:30  INFO 21716 --- [-kit-executor-1] o.apache.kafka.common.metrics.Metrics    : Metrics reporters closed
2026-03-25T16:26:10.331+05:30  INFO 21716 --- [-kit-executor-1] o.a.kafka.common.utils.AppInfoParser     : App info kafka.server for 0 unregistered
2026-03-25T16:26:10.341+05:30  INFO 21716 --- [           main] j.LocalContainerEntityManagerFactoryBean : Closing JPA EntityManagerFactory for persistence unit 'default'
2026-03-25T16:26:10.345+05:30  INFO 21716 --- [           main] com.zaxxer.hikari.HikariDataSource       : HikariPool-1 - Shutdown initiated...
2026-03-25T16:26:10.347+05:30  INFO 21716 --- [           main] com.zaxxer.hikari.HikariDataSource       : HikariPool-1 - Shutdown completed.
[ERROR] Tests run: 1, Failures: 0, Errors: 1, Skipped: 0, Time elapsed: 10.85 s <<< FAILURE! -- in com.jpmc.midascore.TaskFiveTests
[ERROR] com.jpmc.midascore.TaskFiveTests.task_five_verifier -- Time elapsed: 2.856 s <<< ERROR!
org.springframework.web.client.ResourceAccessException: I/O error on GET request for "http://localhost:33400/balance": Connection refused: connect
	at org.springframework.web.client.RestTemplate.createResourceAccessException(RestTemplate.java:915)
	at org.springframework.web.client.RestTemplate.doExecute(RestTemplate.java:895)
	at org.springframework.web.client.RestTemplate.execute(RestTemplate.java:790)
	at org.springframework.web.client.RestTemplate.getForObject(RestTemplate.java:404)
	at com.jpmc.midascore.BalanceQuerier.query(BalanceQuerier.java:18)
	at com.jpmc.midascore.TaskFiveTests.task_five_verifier(TaskFiveTests.java:46)
	at java.base/java.lang.reflect.Method.invoke(Method.java:565)
	at java.base/java.util.ArrayList.forEach(ArrayList.java:1604)
	at java.base/java.util.ArrayList.forEach(ArrayList.java:1604)
Caused by: java.net.ConnectException: Connection refused: connect
	at java.base/sun.nio.ch.Net.connect0(Native Method)
	at java.base/sun.nio.ch.Net.connect(Net.java:546)
	at java.base/sun.nio.ch.Net.connect(Net.java:535)
	at java.base/sun.nio.ch.NioSocketImpl.connect(NioSocketImpl.java:585)
	at java.base/java.net.Socket.connect(Socket.java:659)
	at java.base/java.net.Socket.connect(Socket.java:597)
	at java.base/sun.net.NetworkClient.doConnect(NetworkClient.java:166)
	at java.base/sun.net.www.http.HttpClient.openServer(HttpClient.java:516)
	at java.base/sun.net.www.http.HttpClient.openServer(HttpClient.java:604)
	at java.base/sun.net.www.http.HttpClient.<init>(HttpClient.java:276)
	at java.base/sun.net.www.http.HttpClient.New(HttpClient.java:380)
	at java.base/sun.net.www.http.HttpClient.New(HttpClient.java:393)
	at java.base/sun.net.www.protocol.http.HttpURLConnection.getNewHttpClient(HttpURLConnection.java:1030)
	at java.base/sun.net.www.protocol.http.HttpURLConnection.plainConnect0(HttpURLConnection.java:963)
	at java.base/sun.net.www.protocol.http.HttpURLConnection.plainConnect(HttpURLConnection.java:899)
	at java.base/sun.net.www.protocol.http.HttpURLConnection.connect(HttpURLConnection.java:872)
	at org.springframework.http.client.SimpleClientHttpRequest.executeInternal(SimpleClientHttpRequest.java:79)
	at org.springframework.http.client.AbstractStreamingClientHttpRequest.executeInternal(AbstractStreamingClientHttpRequest.java:70)
	at org.springframework.http.client.AbstractClientHttpRequest.execute(AbstractClientHttpRequest.java:66)
	at org.springframework.web.client.RestTemplate.doExecute(RestTemplate.java:889)
	... 7 more

[INFO] Running com.jpmc.midascore.TaskFourTests
2026-03-25T16:26:10.364+05:30  INFO 21716 --- [           main] t.c.s.AnnotationConfigContextLoaderUtils : Could not detect default configuration classes for test class [com.jpmc.midascore.TaskFourTests]: TaskFourTests does not declare any static, non-private, non-final, nested classes annotated with @Configuration.
2026-03-25T16:26:10.367+05:30  INFO 21716 --- [           main] .b.t.c.SpringBootTestContextBootstrapper : Found @SpringBootConfiguration com.jpmc.midascore.MidasCoreApplication for test class com.jpmc.midascore.TaskFourTests

  .   ____          _            __ _ _
 /\\ / ___'_ __ _ _(_)_ __  __ _ \ \ \ \
( ( )\___ | '_ | '_| | '_ \/ _` | \ \ \ \
 \\/  ___)| |_)| | | | | || (_| |  ) ) ) )
  '  |____| .__|_| |_|_| |_\__, | / / / /
 =========|_|==============|___/=/_/_/_/
 :: Spring Boot ::                (v3.2.5)

2026-03-25T16:26:10.471+05:30  INFO 21716 --- [-kit-executor-1] kafka.server.ControllerServer            : Formatting C:\Users\naiks\AppData\Local\Temp\kafka-1323406514898939703\controller_0 with metadata.version 3.3-IV0.
2026-03-25T16:26:10.473+05:30  INFO 21716 --- [-kit-executor-3] kafka.server.BrokerServer                : [BrokerServer id=0] Transition from SHUTDOWN to STARTING
2026-03-25T16:26:10.473+05:30  INFO 21716 --- [-kit-executor-3] kafka.server.SharedServer                : [SharedServer id=0] Starting SharedServer
2026-03-25T16:26:10.474+05:30  INFO 21716 --- [-kit-executor-2] kafka.server.ControllerServer            : [ControllerServer id=0] Starting controller
2026-03-25T16:26:10.478+05:30  INFO 21716 --- [-kit-executor-2] o.a.k.s.network.EndpointReadyFutures     : authorizerStart completed for endpoint CONTROLLER. Endpoint is now READY.
2026-03-25T16:26:10.496+05:30  INFO 21716 --- [-kit-executor-3] kafka.log.UnifiedLog$                    : [LogLoader partition=__cluster_metadata-0, dir=C:\Users\naiks\AppData\Local\Temp\kafka-1323406514898939703\controller_0] Loading producer state till offset 0 with message format version 2
2026-03-25T16:26:10.497+05:30  INFO 21716 --- [-kit-executor-3] kafka.log.UnifiedLog$                    : [LogLoader partition=__cluster_metadata-0, dir=C:\Users\naiks\AppData\Local\Temp\kafka-1323406514898939703\controller_0] Reloading from producer snapshot and rebuilding producer state from offset 0
2026-03-25T16:26:10.497+05:30  INFO 21716 --- [-kit-executor-3] kafka.log.UnifiedLog$                    : [LogLoader partition=__cluster_metadata-0, dir=C:\Users\naiks\AppData\Local\Temp\kafka-1323406514898939703\controller_0] Producer state recovery took 0ms for snapshot load and 0ms for segment recovery from offset 0
2026-03-25T16:26:10.499+05:30  INFO 21716 --- [-kit-executor-3] kafka.raft.KafkaMetadataLog$             : Initialized snapshots with IDs SortedSet() from C:\Users\naiks\AppData\Local\Temp\kafka-1323406514898939703\controller_0\__cluster_metadata-0
2026-03-25T16:26:10.501+05:30  INFO 21716 --- [-kit-executor-2] kafka.network.ConnectionQuotas           : Updated connection-accept-rate max connection creation rate to 2147483647
2026-03-25T16:26:10.504+05:30  INFO 21716 --- [-kit-executor-2] kafka.network.DataPlaneAcceptor          : Awaiting socket connections on localhost:49704.
2026-03-25T16:26:10.504+05:30  INFO 21716 --- [-kit-executor-2] kafka.network.DataPlaneAcceptor          : Opened wildcard endpoint localhost:49704
2026-03-25T16:26:10.516+05:30  INFO 21716 --- [-kit-executor-3] org.apache.kafka.raft.QuorumState        : [RaftManager id=0] Completed transition to Unattached(epoch=0, voters=[0], electionTimeoutMs=1653) from null
2026-03-25T16:26:10.521+05:30  INFO 21716 --- [-kit-executor-3] org.apache.kafka.raft.QuorumState        : [RaftManager id=0] Completed transition to CandidateState(localId=0, epoch=1, retries=1, voteStates={0=GRANTED}, highWatermark=Optional.empty, electionTimeoutMs=1689) from Unattached(epoch=0, voters=[0], electionTimeoutMs=1653)
2026-03-25T16:26:10.524+05:30  INFO 21716 --- [-kit-executor-3] org.apache.kafka.raft.QuorumState        : [RaftManager id=0] Completed transition to Leader(localId=0, epoch=1, epochStartOffset=0, highWatermark=Optional.empty, voterStates={0=ReplicaState(nodeId=0, endOffset=Optional.empty, lastFetchTimestamp=-1, lastCaughtUpTimestamp=-1, hasAcknowledgedLeader=true)}) from CandidateState(localId=0, epoch=1, retries=1, voteStates={0=GRANTED}, highWatermark=Optional.empty, electionTimeoutMs=1689)
2026-03-25T16:26:10.525+05:30  INFO 21716 --- [-kit-executor-2] kafka.network.SocketServer               : [SocketServer listenerType=CONTROLLER, nodeId=0] Created data-plane acceptor and processors for endpoint : ListenerName(CONTROLLER)
2026-03-25T16:26:10.591+05:30  INFO 21716 --- [-raft-io-thread] k.raft.KafkaRaftManager$RaftIoThread     : [kafka-0-raft-io-thread]: Starting
2026-03-25T16:26:10.591+05:30  INFO 21716 --- [r-event-handler] o.a.kafka.image.loader.MetadataLoader    : [MetadataLoader id=0] initializeNewPublishers: the loader is still catching up because we still don't know the high water mark yet.
2026-03-25T16:26:10.591+05:30  INFO 21716 --- [-request-thread] kafka.raft.RaftSendThread                : [kafka-0-raft-outbound-request-thread]: Starting
2026-03-25T16:26:10.591+05:30  INFO 21716 --- [-kit-executor-3] kafka.server.BrokerServer                : [BrokerServer id=0] Starting broker
2026-03-25T16:26:10.591+05:30  INFO 21716 --- [-kit-executor-2] kafka.server.ControllerServer            : [ControllerServer id=0] Waiting for controller quorum voters future
2026-03-25T16:26:10.591+05:30  INFO 21716 --- [piration-reaper] ExpirationService$ExpiredOperationReaper : [raft-expiration-reaper]: Starting
2026-03-25T16:26:10.591+05:30  INFO 21716 --- [-kit-executor-2] kafka.server.ControllerServer            : [ControllerServer id=0] Finished waiting for controller quorum voters future
2026-03-25T16:26:10.592+05:30  INFO 21716 --- [-kit-executor-2] o.a.kafka.controller.QuorumController    : [QuorumController id=0] Creating new QuorumController with clusterId _5OgeTbyTnCoxirLuWM_xw.
2026-03-25T16:26:10.592+05:30  INFO 21716 --- [-raft-io-thread] org.apache.kafka.raft.LeaderState        : [RaftManager id=0] High watermark set to LogOffsetMetadata(offset=1, metadata=Optional[(segmentBaseOffset=0,relativePositionInSegment=91)]) for the first time for epoch 1 based on indexOfHw 0 and voters [ReplicaState(nodeId=0, endOffset=Optional[LogOffsetMetadata(offset=1, metadata=Optional[(segmentBaseOffset=0,relativePositionInSegment=91)])], lastFetchTimestamp=-1, lastCaughtUpTimestamp=-1, hasAcknowledgedLeader=true)]
2026-03-25T16:26:10.596+05:30  INFO 21716 --- [lReaper-Request] lientQuotaManager$ThrottledChannelReaper : [controller-0-ThrottledChannelReaper-Request]: Starting
2026-03-25T16:26:10.596+05:30  INFO 21716 --- [-raft-io-thread] org.apache.kafka.raft.KafkaRaftClient    : [RaftManager id=0] Registered the listener org.apache.kafka.image.loader.MetadataLoader@831169787
2026-03-25T16:26:10.596+05:30  INFO 21716 --- [-raft-io-thread] org.apache.kafka.raft.KafkaRaftClient    : [RaftManager id=0] Registered the listener org.apache.kafka.controller.QuorumController$QuorumMetaLogListener@1062030522
2026-03-25T16:26:10.596+05:30  INFO 21716 --- [-kit-executor-2] kafka.server.ControllerServer            : [ControllerServer id=0] Waiting for the controller metadata publishers to be installed
2026-03-25T16:26:10.596+05:30  INFO 21716 --- [lReaper-Produce] lientQuotaManager$ThrottledChannelReaper : [controller-0-ThrottledChannelReaper-Produce]: Starting
2026-03-25T16:26:10.596+05:30  INFO 21716 --- [-kit-executor-2] kafka.server.ControllerServer            : [ControllerServer id=0] Finished waiting for the controller metadata publishers to be installed
2026-03-25T16:26:10.596+05:30  INFO 21716 --- [r-event-handler] o.a.kafka.image.loader.MetadataLoader    : [MetadataLoader id=0] initializeNewPublishers: The loader is still catching up because we have loaded up to offset -1, but the high water mark is 1
2026-03-25T16:26:10.596+05:30  INFO 21716 --- [-kit-executor-2] kafka.network.SocketServer               : [SocketServer listenerType=CONTROLLER, nodeId=0] Enabling request processing.
2026-03-25T16:26:10.597+05:30  INFO 21716 --- [trollerMutation] lientQuotaManager$ThrottledChannelReaper : [controller-0-ThrottledChannelReaper-ControllerMutation]: Starting
2026-03-25T16:26:10.597+05:30  INFO 21716 --- [nelReaper-Fetch] lientQuotaManager$ThrottledChannelReaper : [controller-0-ThrottledChannelReaper-Fetch]: Starting
2026-03-25T16:26:10.597+05:30  INFO 21716 --- [-kit-executor-3] kafka.log.LogManager                     : Log directory C:\Users\naiks\AppData\Local\Temp\kafka-1323406514898939703\broker_0_data0 not found, creating it.
2026-03-25T16:26:10.597+05:30  INFO 21716 --- [per-0-AlterAcls] perationPurgatory$ExpiredOperationReaper : [ExpirationReaper-0-AlterAcls]: Starting
2026-03-25T16:26:10.597+05:30  INFO 21716 --- [0-event-handler] o.a.kafka.controller.QuorumController    : [QuorumController id=0] Becoming the active controller at epoch 1, next write offset 1.
2026-03-25T16:26:10.597+05:30  INFO 21716 --- [r-event-handler] o.a.kafka.image.loader.MetadataLoader    : [MetadataLoader id=0] maybePublishMetadata(LOG_DELTA): The loader is still catching up because we have not loaded a controller record as of offset 0 and high water mark is 1
2026-03-25T16:26:10.597+05:30  INFO 21716 --- [-kit-executor-2] kafka.server.ControllerServer            : [ControllerServer id=0] Waiting for all of the authorizer futures to be completed
2026-03-25T16:26:10.597+05:30  INFO 21716 --- [-kit-executor-2] kafka.server.ControllerServer            : [ControllerServer id=0] Finished waiting for all of the authorizer futures to be completed
2026-03-25T16:26:10.597+05:30  INFO 21716 --- [-kit-executor-2] kafka.server.ControllerServer            : [ControllerServer id=0] Waiting for all of the SocketServer Acceptors to be started
2026-03-25T16:26:10.597+05:30  INFO 21716 --- [-kit-executor-2] kafka.server.ControllerServer            : [ControllerServer id=0] Finished waiting for all of the SocketServer Acceptors to be started
2026-03-25T16:26:10.597+05:30  WARN 21716 --- [0-event-handler] o.a.kafka.controller.QuorumController    : [QuorumController id=0] Performing controller activation. The metadata log appears to be empty. Appending 1 bootstrap record(s) in metadata transaction at metadata.version 3.6-IV2 from bootstrap source 'testkit'. Setting the ZK migration state to NONE since this is a de-novo KRaft cluster.
2026-03-25T16:26:10.597+05:30  INFO 21716 --- [0-event-handler] o.a.k.controller.OffsetControlManager    : [QuorumController id=0] Replayed BeginTransactionRecord(name='Bootstrap records') at offset 1.
2026-03-25T16:26:10.598+05:30  INFO 21716 --- [0-event-handler] o.a.k.controller.FeatureControlManager   : [QuorumController id=0] Replayed a FeatureLevelRecord setting metadata version to 3.6-IV2
2026-03-25T16:26:10.598+05:30  INFO 21716 --- [0-event-handler] o.a.k.controller.OffsetControlManager    : [QuorumController id=0] Replayed EndTransactionRecord() at offset 4.
2026-03-25T16:26:10.599+05:30  INFO 21716 --- [nelReaper-Fetch] lientQuotaManager$ThrottledChannelReaper : [broker-0-ThrottledChannelReaper-Fetch]: Starting
2026-03-25T16:26:10.599+05:30  INFO 21716 --- [lReaper-Produce] lientQuotaManager$ThrottledChannelReaper : [broker-0-ThrottledChannelReaper-Produce]: Starting
2026-03-25T16:26:10.599+05:30  INFO 21716 --- [trollerMutation] lientQuotaManager$ThrottledChannelReaper : [broker-0-ThrottledChannelReaper-ControllerMutation]: Starting
2026-03-25T16:26:10.599+05:30  INFO 21716 --- [lReaper-Request] lientQuotaManager$ThrottledChannelReaper : [broker-0-ThrottledChannelReaper-Request]: Starting
2026-03-25T16:26:10.602+05:30  INFO 21716 --- [-kit-executor-3] kafka.server.BrokerServer                : [BrokerServer id=0] Waiting for controller quorum voters future
2026-03-25T16:26:10.602+05:30  INFO 21716 --- [-kit-executor-3] kafka.server.BrokerServer                : [BrokerServer id=0] Finished waiting for controller quorum voters future
2026-03-25T16:26:10.606+05:30  INFO 21716 --- [channel-manager] k.s.BrokerToControllerRequestThread      : [broker-0-to-controller-forwarding-channel-manager]: Starting
2026-03-25T16:26:10.606+05:30  INFO 21716 --- [channel-manager] k.s.BrokerToControllerRequestThread      : [broker-0-to-controller-forwarding-channel-manager]: Recorded new controller, from now on will use node localhost:49704 (id: 0 rack: null)
2026-03-25T16:26:10.634+05:30  INFO 21716 --- [r-event-handler] o.a.kafka.image.loader.MetadataLoader    : [MetadataLoader id=0] maybePublishMetadata(LOG_DELTA): The loader finished catching up to the current high water mark of 5
2026-03-25T16:26:10.635+05:30  INFO 21716 --- [-kit-executor-3] kafka.network.ConnectionQuotas           : Updated connection-accept-rate max connection creation rate to 2147483647
2026-03-25T16:26:10.641+05:30  INFO 21716 --- [-kit-executor-3] kafka.network.DataPlaneAcceptor          : Awaiting socket connections on localhost:49705.
2026-03-25T16:26:10.641+05:30  INFO 21716 --- [-kit-executor-3] kafka.network.DataPlaneAcceptor          : Opened wildcard endpoint localhost:49705
2026-03-25T16:26:10.654+05:30  INFO 21716 --- [-kit-executor-3] kafka.network.SocketServer               : [SocketServer listenerType=BROKER, nodeId=0] Created data-plane acceptor and processors for endpoint : ListenerName(EXTERNAL)
2026-03-25T16:26:10.656+05:30  INFO 21716 --- [channel-manager] k.s.BrokerToControllerRequestThread      : [broker-0-to-controller-alter-partition-channel-manager]: Starting
2026-03-25T16:26:10.657+05:30  INFO 21716 --- [channel-manager] k.s.BrokerToControllerRequestThread      : [broker-0-to-controller-alter-partition-channel-manager]: Recorded new controller, from now on will use node localhost:49704 (id: 0 rack: null)
2026-03-25T16:26:10.660+05:30  INFO 21716 --- [eaper-0-Produce] perationPurgatory$ExpiredOperationReaper : [ExpirationReaper-0-Produce]: Starting
2026-03-25T16:26:10.660+05:30  INFO 21716 --- [nReaper-0-Fetch] perationPurgatory$ExpiredOperationReaper : [ExpirationReaper-0-Fetch]: Starting
2026-03-25T16:26:10.660+05:30  INFO 21716 --- [0-DeleteRecords] perationPurgatory$ExpiredOperationReaper : [ExpirationReaper-0-DeleteRecords]: Starting
2026-03-25T16:26:10.661+05:30  INFO 21716 --- [r-0-ElectLeader] perationPurgatory$ExpiredOperationReaper : [ExpirationReaper-0-ElectLeader]: Starting
2026-03-25T16:26:10.661+05:30  INFO 21716 --- [r-0-RemoteFetch] perationPurgatory$ExpiredOperationReaper : [ExpirationReaper-0-RemoteFetch]: Starting
2026-03-25T16:26:10.662+05:30  INFO 21716 --- [per-0-Heartbeat] perationPurgatory$ExpiredOperationReaper : [ExpirationReaper-0-Heartbeat]: Starting
2026-03-25T16:26:10.663+05:30  INFO 21716 --- [per-0-Rebalance] perationPurgatory$ExpiredOperationReaper : [ExpirationReaper-0-Rebalance]: Starting
2026-03-25T16:26:10.667+05:30  INFO 21716 --- [channel-manager] k.s.BrokerToControllerRequestThread      : [broker-0-to-controller-heartbeat-channel-manager]: Starting
2026-03-25T16:26:10.667+05:30  INFO 21716 --- [r-event-handler] kafka.server.BrokerLifecycleManager      : [BrokerLifecycleManager id=0] Incarnation EpIPZmJqRvyUexxyRT3g9Q of broker 0 in cluster _5OgeTbyTnCoxirLuWM_xw is now STARTING.
2026-03-25T16:26:10.668+05:30  INFO 21716 --- [channel-manager] k.s.BrokerToControllerRequestThread      : [broker-0-to-controller-heartbeat-channel-manager]: Recorded new controller, from now on will use node localhost:49704 (id: 0 rack: null)
2026-03-25T16:26:10.668+05:30  INFO 21716 --- [per-0-AlterAcls] perationPurgatory$ExpiredOperationReaper : [ExpirationReaper-0-AlterAcls]: Starting
2026-03-25T16:26:10.671+05:30  INFO 21716 --- [-kit-executor-3] kafka.server.BrokerServer                : [BrokerServer id=0] Waiting for the broker metadata publishers to be installed
2026-03-25T16:26:10.672+05:30  INFO 21716 --- [r-event-handler] o.a.kafka.image.loader.MetadataLoader    : [MetadataLoader id=0] InitializeNewPublishers: initializing SnapshotGenerator with a snapshot at offset 4
2026-03-25T16:26:10.672+05:30  INFO 21716 --- [-kit-executor-3] kafka.server.BrokerServer                : [BrokerServer id=0] Finished waiting for the broker metadata publishers to be installed
2026-03-25T16:26:10.672+05:30  INFO 21716 --- [-kit-executor-3] kafka.server.BrokerServer                : [BrokerServer id=0] Waiting for the controller to acknowledge that we are caught up
2026-03-25T16:26:10.672+05:30  INFO 21716 --- [r-event-handler] o.a.kafka.image.loader.MetadataLoader    : [MetadataLoader id=0] InitializeNewPublishers: initializing FeaturesPublisher with a snapshot at offset 4
2026-03-25T16:26:10.672+05:30  INFO 21716 --- [r-event-handler] o.a.kafka.image.loader.MetadataLoader    : [MetadataLoader id=0] InitializeNewPublishers: initializing DynamicConfigPublisher controller id=0 with a snapshot at offset 4
2026-03-25T16:26:10.672+05:30  INFO 21716 --- [r-event-handler] o.a.kafka.image.loader.MetadataLoader    : [MetadataLoader id=0] InitializeNewPublishers: initializing DynamicClientQuotaPublisher controller id=0 with a snapshot at offset 4
2026-03-25T16:26:10.673+05:30  INFO 21716 --- [r-event-handler] o.a.kafka.image.loader.MetadataLoader    : [MetadataLoader id=0] InitializeNewPublishers: initializing ScramPublisher controller id=0 with a snapshot at offset 4
2026-03-25T16:26:10.673+05:30  INFO 21716 --- [r-event-handler] o.a.kafka.image.loader.MetadataLoader    : [MetadataLoader id=0] InitializeNewPublishers: initializing DelegationTokenPublisher controller id=0 with a snapshot at offset 4
2026-03-25T16:26:10.673+05:30  INFO 21716 --- [r-event-handler] o.a.kafka.image.loader.MetadataLoader    : [MetadataLoader id=0] InitializeNewPublishers: initializing ControllerMetadataMetricsPublisher with a snapshot at offset 4
2026-03-25T16:26:10.673+05:30  INFO 21716 --- [r-event-handler] o.a.kafka.image.loader.MetadataLoader    : [MetadataLoader id=0] InitializeNewPublishers: initializing AclPublisher controller id=0 with a snapshot at offset 4
2026-03-25T16:26:10.673+05:30  INFO 21716 --- [r-event-handler] o.a.kafka.image.loader.MetadataLoader    : [MetadataLoader id=0] InitializeNewPublishers: initializing BrokerMetadataPublisher with a snapshot at offset 4
2026-03-25T16:26:10.673+05:30  INFO 21716 --- [r-event-handler] k.s.metadata.BrokerMetadataPublisher     : [BrokerMetadataPublisher id=0] Publishing initial metadata at offset OffsetAndEpoch(offset=4, epoch=1) with metadata.version 3.6-IV2.
2026-03-25T16:26:10.673+05:30  INFO 21716 --- [r-event-handler] kafka.log.LogManager                     : Loading logs from log dirs ArraySeq(C:\Users\naiks\AppData\Local\Temp\kafka-1323406514898939703\broker_0_data0)
2026-03-25T16:26:10.674+05:30  INFO 21716 --- [0-event-handler] o.a.k.controller.ClusterControlManager   : [QuorumController id=0] Replayed initial RegisterBrokerRecord for broker 0: RegisterBrokerRecord(brokerId=0, isMigratingZkBroker=false, incarnationId=EpIPZmJqRvyUexxyRT3g9Q, brokerEpoch=5, endPoints=[BrokerEndpoint(name='EXTERNAL', host='localhost', port=49705, securityProtocol=0)], features=[BrokerFeature(name='metadata.version', minSupportedVersion=1, maxSupportedVersion=14)], rack=null, fenced=true, inControlledShutdown=false)
2026-03-25T16:26:10.674+05:30  INFO 21716 --- [r-event-handler] kafka.log.LogManager                     : No logs found to be loaded in C:\Users\naiks\AppData\Local\Temp\kafka-1323406514898939703\broker_0_data0
2026-03-25T16:26:10.675+05:30  INFO 21716 --- [r-event-handler] kafka.log.LogManager                     : Loaded 0 logs in 1ms
2026-03-25T16:26:10.675+05:30  INFO 21716 --- [r-event-handler] kafka.log.LogManager                     : Starting log cleanup with a period of 300000 ms.
2026-03-25T16:26:10.675+05:30  INFO 21716 --- [r-event-handler] kafka.log.LogManager                     : Starting log flusher with a default period of 9223372036854775807 ms.
2026-03-25T16:26:10.676+05:30  INFO 21716 --- [r-event-handler] kafka.log.LogCleaner                     : Starting the log cleaner
2026-03-25T16:26:10.677+05:30  INFO 21716 --- [leaner-thread-0] kafka.log.LogCleaner$CleanerThread       : [kafka-log-cleaner-thread-0]: Starting
2026-03-25T16:26:10.677+05:30  INFO 21716 --- [rFailureHandler] k.s.ReplicaManager$LogDirFailureHandler  : [LogDirFailureHandler]: Starting
2026-03-25T16:26:10.677+05:30  INFO 21716 --- [r-event-handler] k.coordinator.group.GroupCoordinator     : [GroupCoordinator 0]: Starting up.
2026-03-25T16:26:10.678+05:30  INFO 21716 --- [nSenderThread-0] kafka.server.AddPartitionsToTxnManager   : [AddPartitionsToTxnSenderThread-0]: Starting
2026-03-25T16:26:10.678+05:30  INFO 21716 --- [r-event-handler] k.coordinator.group.GroupCoordinator     : [GroupCoordinator 0]: Startup complete.
2026-03-25T16:26:10.678+05:30  INFO 21716 --- [r-event-handler] k.c.transaction.TransactionCoordinator   : [TransactionCoordinator id=0] Starting up.
2026-03-25T16:26:10.678+05:30  INFO 21716 --- [r-event-handler] k.c.transaction.TransactionCoordinator   : [TransactionCoordinator id=0] Startup complete.
2026-03-25T16:26:10.678+05:30  INFO 21716 --- [r-event-handler] k.s.metadata.BrokerMetadataPublisher     : [BrokerMetadataPublisher id=0] Updating metadata.version to 14 at offset OffsetAndEpoch(offset=4, epoch=1).
2026-03-25T16:26:10.678+05:30  INFO 21716 --- [rSenderThread-0] k.c.t.TransactionMarkerChannelManager    : [TxnMarkerSenderThread-0]: Starting
2026-03-25T16:26:10.703+05:30  INFO 21716 --- [channel-manager] kafka.server.BrokerLifecycleManager      : [BrokerLifecycleManager id=0] Successfully registered broker 0 with broker epoch 5
2026-03-25T16:26:10.705+05:30  INFO 21716 --- [channel-manager] kafka.server.BrokerLifecycleManager      : [BrokerLifecycleManager id=0] The broker has caught up. Transitioning from STARTING to RECOVERY.
2026-03-25T16:26:10.705+05:30  INFO 21716 --- [-kit-executor-3] kafka.server.BrokerServer                : [BrokerServer id=0] Finished waiting for the controller to acknowledge that we are caught up
2026-03-25T16:26:10.705+05:30  INFO 21716 --- [-kit-executor-3] kafka.server.BrokerServer                : [BrokerServer id=0] Waiting for the initial broker metadata update to be published
2026-03-25T16:26:10.705+05:30  INFO 21716 --- [-kit-executor-3] kafka.server.BrokerServer                : [BrokerServer id=0] Finished waiting for the initial broker metadata update to be published
2026-03-25T16:26:10.706+05:30  INFO 21716 --- [-kit-executor-3] kafka.server.KafkaConfig                 : KafkaConfig values: 
	advertised.listeners = null
	alter.config.policy.class.name = null
	alter.log.dirs.replication.quota.window.num = 11
	alter.log.dirs.replication.quota.window.size.seconds = 1
	authorizer.class.name = 
	auto.create.topics.enable = true
	auto.include.jmx.reporter = true
	auto.leader.rebalance.enable = true
	background.threads = 10
	broker.heartbeat.interval.ms = 2000
	broker.id = 0
	broker.id.generation.enable = true
	broker.rack = null
	broker.session.timeout.ms = 9000
	client.quota.callback.class = null
	compression.type = producer
	connection.failed.authentication.delay.ms = 100
	connections.max.idle.ms = 600000
	connections.max.reauth.ms = 0
	control.plane.listener.name = null
	controlled.shutdown.enable = true
	controlled.shutdown.max.retries = 3
	controlled.shutdown.retry.backoff.ms = 5000
	controller.listener.names = CONTROLLER
	controller.quorum.append.linger.ms = 25
	controller.quorum.election.backoff.max.ms = 1000
	controller.quorum.election.timeout.ms = 1000
	controller.quorum.fetch.timeout.ms = 2000
	controller.quorum.request.timeout.ms = 2000
	controller.quorum.retry.backoff.ms = 20
	controller.quorum.voters = [0@0.0.0.0:0]
	controller.quota.window.num = 11
	controller.quota.window.size.seconds = 1
	controller.socket.timeout.ms = 30000
	create.topic.policy.class.name = null
	default.replication.factor = 1
	delegation.token.expiry.check.interval.ms = 3600000
	delegation.token.expiry.time.ms = 86400000
	delegation.token.master.key = null
	delegation.token.max.lifetime.ms = 604800000
	delegation.token.secret.key = null
	delete.records.purgatory.purge.interval.requests = 1
	delete.topic.enable = true
	early.start.listeners = null
	fetch.max.bytes = 57671680
	fetch.purgatory.purge.interval.requests = 1000
	group.consumer.assignors = [org.apache.kafka.coordinator.group.assignor.RangeAssignor]
	group.consumer.heartbeat.interval.ms = 5000
	group.consumer.max.heartbeat.interval.ms = 15000
	group.consumer.max.session.timeout.ms = 60000
	group.consumer.max.size = 2147483647
	group.consumer.min.heartbeat.interval.ms = 5000
	group.consumer.min.session.timeout.ms = 45000
	group.consumer.session.timeout.ms = 45000
	group.coordinator.new.enable = false
	group.coordinator.threads = 1
	group.initial.rebalance.delay.ms = 0
	group.max.session.timeout.ms = 1800000
	group.max.size = 2147483647
	group.min.session.timeout.ms = 6000
	initial.broker.registration.timeout.ms = 60000
	inter.broker.listener.name = EXTERNAL
	inter.broker.protocol.version = 3.6-IV2
	kafka.metrics.polling.interval.secs = 10
	kafka.metrics.reporters = []
	leader.imbalance.check.interval.seconds = 300
	leader.imbalance.per.broker.percentage = 10
	listener.security.protocol.map = EXTERNAL:PLAINTEXT,CONTROLLER:PLAINTEXT
	listeners = EXTERNAL://localhost:0,CONTROLLER://localhost:0
	log.cleaner.backoff.ms = 15000
	log.cleaner.dedupe.buffer.size = 2097152
	log.cleaner.delete.retention.ms = 86400000
	log.cleaner.enable = true
	log.cleaner.io.buffer.load.factor = 0.9
	log.cleaner.io.buffer.size = 524288
	log.cleaner.io.max.bytes.per.second = 1.7976931348623157E308
	log.cleaner.max.compaction.lag.ms = 9223372036854775807
	log.cleaner.min.cleanable.ratio = 0.5
	log.cleaner.min.compaction.lag.ms = 0
	log.cleaner.threads = 1
	log.cleanup.policy = [delete]
	log.dir = /tmp/kafka-logs
	log.dirs = C:\Users\naiks\AppData\Local\Temp\kafka-1323406514898939703\broker_0_data0
	log.flush.interval.messages = 9223372036854775807
	log.flush.interval.ms = null
	log.flush.offset.checkpoint.interval.ms = 60000
	log.flush.scheduler.interval.ms = 9223372036854775807
	log.flush.start.offset.checkpoint.interval.ms = 60000
	log.index.interval.bytes = 4096
	log.index.size.max.bytes = 10485760
	log.local.retention.bytes = -2
	log.local.retention.ms = -2
	log.message.downconversion.enable = true
	log.message.format.version = 3.0-IV1
	log.message.timestamp.after.max.ms = 9223372036854775807
	log.message.timestamp.before.max.ms = 9223372036854775807
	log.message.timestamp.difference.max.ms = 9223372036854775807
	log.message.timestamp.type = CreateTime
	log.preallocate = false
	log.retention.bytes = -1
	log.retention.check.interval.ms = 300000
	log.retention.hours = 168
	log.retention.minutes = null
	log.retention.ms = null
	log.roll.hours = 168
	log.roll.jitter.hours = 0
	log.roll.jitter.ms = null
	log.roll.ms = null
	log.segment.bytes = 1073741824
	log.segment.delete.delay.ms = 60000
	max.connection.creation.rate = 2147483647
	max.connections = 2147483647
	max.connections.per.ip = 2147483647
	max.connections.per.ip.overrides = 
	max.incremental.fetch.session.cache.slots = 1000
	message.max.bytes = 1048588
	metadata.log.dir = C:\Users\naiks\AppData\Local\Temp\kafka-1323406514898939703\controller_0
	metadata.log.max.record.bytes.between.snapshots = 20971520
	metadata.log.max.snapshot.interval.ms = 3600000
	metadata.log.segment.bytes = 1073741824
	metadata.log.segment.min.bytes = 8388608
	metadata.log.segment.ms = 604800000
	metadata.max.idle.interval.ms = 500
	metadata.max.retention.bytes = 104857600
	metadata.max.retention.ms = 604800000
	metric.reporters = []
	metrics.num.samples = 2
	metrics.recording.level = INFO
	metrics.sample.window.ms = 30000
	min.insync.replicas = 1
	node.id = 0
	num.io.threads = 8
	num.network.threads = 3
	num.partitions = 1
	num.recovery.threads.per.data.dir = 1
	num.replica.alter.log.dirs.threads = null
	num.replica.fetchers = 1
	offset.metadata.max.bytes = 4096
	offsets.commit.required.acks = -1
	offsets.commit.timeout.ms = 5000
	offsets.load.buffer.size = 5242880
	offsets.retention.check.interval.ms = 600000
	offsets.retention.minutes = 10080
	offsets.topic.compression.codec = 0
	offsets.topic.num.partitions = 50
	offsets.topic.replication.factor = 1
	offsets.topic.segment.bytes = 104857600
	password.encoder.cipher.algorithm = AES/CBC/PKCS5Padding
	password.encoder.iterations = 4096
	password.encoder.key.length = 128
	password.encoder.keyfactory.algorithm = null
	password.encoder.old.secret = null
	password.encoder.secret = null
	principal.builder.class = class org.apache.kafka.common.security.authenticator.DefaultKafkaPrincipalBuilder
	process.roles = [broker, controller]
	producer.id.expiration.check.interval.ms = 600000
	producer.id.expiration.ms = 86400000
	producer.purgatory.purge.interval.requests = 1000
	queued.max.request.bytes = -1
	queued.max.requests = 500
	quota.window.num = 11
	quota.window.size.seconds = 1
	remote.log.index.file.cache.total.size.bytes = 1073741824
	remote.log.manager.task.interval.ms = 30000
	remote.log.manager.task.retry.backoff.max.ms = 30000
	remote.log.manager.task.retry.backoff.ms = 500
	remote.log.manager.task.retry.jitter = 0.2
	remote.log.manager.thread.pool.size = 10
	remote.log.metadata.custom.metadata.max.bytes = 128
	remote.log.metadata.manager.class.name = org.apache.kafka.server.log.remote.metadata.storage.TopicBasedRemoteLogMetadataManager
	remote.log.metadata.manager.class.path = null
	remote.log.metadata.manager.impl.prefix = rlmm.config.
	remote.log.metadata.manager.listener.name = null
	remote.log.reader.max.pending.tasks = 100
	remote.log.reader.threads = 10
	remote.log.storage.manager.class.name = null
	remote.log.storage.manager.class.path = null
	remote.log.storage.manager.impl.prefix = rsm.config.
	remote.log.storage.system.enable = false
	replica.fetch.backoff.ms = 1000
	replica.fetch.max.bytes = 1048576
	replica.fetch.min.bytes = 1
	replica.fetch.response.max.bytes = 10485760
	replica.fetch.wait.max.ms = 500
	replica.high.watermark.checkpoint.interval.ms = 5000
	replica.lag.time.max.ms = 30000
	replica.selector.class = null
	replica.socket.receive.buffer.bytes = 65536
	replica.socket.timeout.ms = 30000
	replication.quota.window.num = 11
	replication.quota.window.size.seconds = 1
	request.timeout.ms = 30000
	reserved.broker.max.id = 1000
	sasl.client.callback.handler.class = null
	sasl.enabled.mechanisms = [GSSAPI]
	sasl.jaas.config = null
	sasl.kerberos.kinit.cmd = /usr/bin/kinit
	sasl.kerberos.min.time.before.relogin = 60000
	sasl.kerberos.principal.to.local.rules = [DEFAULT]
	sasl.kerberos.service.name = null
	sasl.kerberos.ticket.renew.jitter = 0.05
	sasl.kerberos.ticket.renew.window.factor = 0.8
	sasl.login.callback.handler.class = null
	sasl.login.class = null
	sasl.login.connect.timeout.ms = null
	sasl.login.read.timeout.ms = null
	sasl.login.refresh.buffer.seconds = 300
	sasl.login.refresh.min.period.seconds = 60
	sasl.login.refresh.window.factor = 0.8
	sasl.login.refresh.window.jitter = 0.05
	sasl.login.retry.backoff.max.ms = 10000
	sasl.login.retry.backoff.ms = 100
	sasl.mechanism.controller.protocol = GSSAPI
	sasl.mechanism.inter.broker.protocol = GSSAPI
	sasl.oauthbearer.clock.skew.seconds = 30
	sasl.oauthbearer.expected.audience = null
	sasl.oauthbearer.expected.issuer = null
	sasl.oauthbearer.jwks.endpoint.refresh.ms = 3600000
	sasl.oauthbearer.jwks.endpoint.retry.backoff.max.ms = 10000
	sasl.oauthbearer.jwks.endpoint.retry.backoff.ms = 100
	sasl.oauthbearer.jwks.endpoint.url = null
	sasl.oauthbearer.scope.claim.name = scope
	sasl.oauthbearer.sub.claim.name = sub
	sasl.oauthbearer.token.endpoint.url = null
	sasl.server.callback.handler.class = null
	sasl.server.max.receive.size = 524288
	security.inter.broker.protocol = PLAINTEXT
	security.providers = null
	server.max.startup.time.ms = 600000
	socket.connection.setup.timeout.max.ms = 30000
	socket.connection.setup.timeout.ms = 10000
	socket.listen.backlog.size = 50
	socket.receive.buffer.bytes = 102400
	socket.request.max.bytes = 104857600
	socket.send.buffer.bytes = 102400
	ssl.cipher.suites = []
	ssl.client.auth = none
	ssl.enabled.protocols = [TLSv1.2, TLSv1.3]
	ssl.endpoint.identification.algorithm = https
	ssl.engine.factory.class = null
	ssl.key.password = null
	ssl.keymanager.algorithm = SunX509
	ssl.keystore.certificate.chain = null
	ssl.keystore.key = null
	ssl.keystore.location = null
	ssl.keystore.password = null
	ssl.keystore.type = JKS
	ssl.principal.mapping.rules = DEFAULT
	ssl.protocol = TLSv1.3
	ssl.provider = null
	ssl.secure.random.implementation = null
	ssl.trustmanager.algorithm = PKIX
	ssl.truststore.certificates = null
	ssl.truststore.location = null
	ssl.truststore.password = null
	ssl.truststore.type = JKS
	transaction.abort.timed.out.transaction.cleanup.interval.ms = 10000
	transaction.max.timeout.ms = 900000
	transaction.partition.verification.enable = true
	transaction.remove.expired.transaction.cleanup.interval.ms = 3600000
	transaction.state.log.load.buffer.size = 5242880
	transaction.state.log.min.isr = 2
	transaction.state.log.num.partitions = 50
	transaction.state.log.replication.factor = 3
	transaction.state.log.segment.bytes = 104857600
	transactional.id.expiration.ms = 604800000
	unclean.leader.election.enable = false
	unstable.api.versions.enable = false
	zookeeper.clientCnxnSocket = null
	zookeeper.connect = null
	zookeeper.connection.timeout.ms = null
	zookeeper.max.in.flight.requests = 10
	zookeeper.metadata.migration.enable = false
	zookeeper.metadata.migration.min.batch.size = 200
	zookeeper.session.timeout.ms = 18000
	zookeeper.set.acl = false
	zookeeper.ssl.cipher.suites = null
	zookeeper.ssl.client.enable = false
	zookeeper.ssl.crl.enable = false
	zookeeper.ssl.enabled.protocols = null
	zookeeper.ssl.endpoint.identification.algorithm = HTTPS
	zookeeper.ssl.keystore.location = null
	zookeeper.ssl.keystore.password = null
	zookeeper.ssl.keystore.type = null
	zookeeper.ssl.ocsp.enable = false
	zookeeper.ssl.protocol = TLSv1.2
	zookeeper.ssl.truststore.location = null
	zookeeper.ssl.truststore.password = null
	zookeeper.ssl.truststore.type = null

2026-03-25T16:26:10.708+05:30  INFO 21716 --- [-kit-executor-3] kafka.server.BrokerServer                : [BrokerServer id=0] Waiting for the broker to be unfenced
2026-03-25T16:26:10.709+05:30  INFO 21716 --- [0-event-handler] o.a.k.controller.BrokerHeartbeatManager  : [QuorumController id=0] The request from broker 0 to unfence has been granted because it has caught up with the offset of its register broker record 5.
2026-03-25T16:26:10.709+05:30  INFO 21716 --- [0-event-handler] o.a.k.controller.ClusterControlManager   : [QuorumController id=0] Replayed BrokerRegistrationChangeRecord modifying the registration for broker 0: BrokerRegistrationChangeRecord(brokerId=0, brokerEpoch=5, fenced=-1, inControlledShutdown=0)
2026-03-25T16:26:10.738+05:30  INFO 21716 --- [channel-manager] kafka.server.BrokerLifecycleManager      : [BrokerLifecycleManager id=0] The broker has been unfenced. Transitioning from RECOVERY to RUNNING.
2026-03-25T16:26:10.738+05:30  INFO 21716 --- [-kit-executor-3] kafka.server.BrokerServer                : [BrokerServer id=0] Finished waiting for the broker to be unfenced
2026-03-25T16:26:10.738+05:30  INFO 21716 --- [-kit-executor-3] o.a.k.s.network.EndpointReadyFutures     : authorizerStart completed for endpoint EXTERNAL. Endpoint is now READY.
2026-03-25T16:26:10.739+05:30  INFO 21716 --- [-kit-executor-3] kafka.network.SocketServer               : [SocketServer listenerType=BROKER, nodeId=0] Enabling request processing.
2026-03-25T16:26:10.739+05:30  INFO 21716 --- [-kit-executor-3] kafka.server.BrokerServer                : [BrokerServer id=0] Waiting for all of the authorizer futures to be completed
2026-03-25T16:26:10.740+05:30  INFO 21716 --- [-kit-executor-3] kafka.server.BrokerServer                : [BrokerServer id=0] Finished waiting for all of the authorizer futures to be completed
2026-03-25T16:26:10.740+05:30  INFO 21716 --- [-kit-executor-3] kafka.server.BrokerServer                : [BrokerServer id=0] Waiting for all of the SocketServer Acceptors to be started
2026-03-25T16:26:10.740+05:30  INFO 21716 --- [-kit-executor-3] kafka.server.BrokerServer                : [BrokerServer id=0] Finished waiting for all of the SocketServer Acceptors to be started
2026-03-25T16:26:10.740+05:30  INFO 21716 --- [-kit-executor-3] kafka.server.BrokerServer                : [BrokerServer id=0] Transition from STARTING to STARTED
2026-03-25T16:26:10.741+05:30  INFO 21716 --- [           main] o.a.k.clients.admin.AdminClientConfig    : AdminClientConfig values: 
	auto.include.jmx.reporter = true
	bootstrap.servers = [localhost:49705]
	client.dns.lookup = use_all_dns_ips
	client.id = 
	connections.max.idle.ms = 300000
	default.api.timeout.ms = 60000
	metadata.max.age.ms = 300000
	metric.reporters = []
	metrics.num.samples = 2
	metrics.recording.level = INFO
	metrics.sample.window.ms = 30000
	receive.buffer.bytes = 65536
	reconnect.backoff.max.ms = 1000
	reconnect.backoff.ms = 50
	request.timeout.ms = 30000
	retries = 2147483647
	retry.backoff.ms = 100
	sasl.client.callback.handler.class = null
	sasl.jaas.config = null
	sasl.kerberos.kinit.cmd = /usr/bin/kinit
	sasl.kerberos.min.time.before.relogin = 60000
	sasl.kerberos.service.name = null
	sasl.kerberos.ticket.renew.jitter = 0.05
	sasl.kerberos.ticket.renew.window.factor = 0.8
	sasl.login.callback.handler.class = null
	sasl.login.class = null
	sasl.login.connect.timeout.ms = null
	sasl.login.read.timeout.ms = null
	sasl.login.refresh.buffer.seconds = 300
	sasl.login.refresh.min.period.seconds = 60
	sasl.login.refresh.window.factor = 0.8
	sasl.login.refresh.window.jitter = 0.05
	sasl.login.retry.backoff.max.ms = 10000
	sasl.login.retry.backoff.ms = 100
	sasl.mechanism = GSSAPI
	sasl.oauthbearer.clock.skew.seconds = 30
	sasl.oauthbearer.expected.audience = null
	sasl.oauthbearer.expected.issuer = null
	sasl.oauthbearer.jwks.endpoint.refresh.ms = 3600000
	sasl.oauthbearer.jwks.endpoint.retry.backoff.max.ms = 10000
	sasl.oauthbearer.jwks.endpoint.retry.backoff.ms = 100
	sasl.oauthbearer.jwks.endpoint.url = null
	sasl.oauthbearer.scope.claim.name = scope
	sasl.oauthbearer.sub.claim.name = sub
	sasl.oauthbearer.token.endpoint.url = null
	security.protocol = PLAINTEXT
	security.providers = null
	send.buffer.bytes = 131072
	socket.connection.setup.timeout.max.ms = 30000
	socket.connection.setup.timeout.ms = 10000
	ssl.cipher.suites = null
	ssl.enabled.protocols = [TLSv1.2, TLSv1.3]
	ssl.endpoint.identification.algorithm = https
	ssl.engine.factory.class = null
	ssl.key.password = null
	ssl.keymanager.algorithm = SunX509
	ssl.keystore.certificate.chain = null
	ssl.keystore.key = null
	ssl.keystore.location = null
	ssl.keystore.password = null
	ssl.keystore.type = JKS
	ssl.protocol = TLSv1.3
	ssl.provider = null
	ssl.secure.random.implementation = null
	ssl.trustmanager.algorithm = PKIX
	ssl.truststore.certificates = null
	ssl.truststore.location = null
	ssl.truststore.password = null
	ssl.truststore.type = JKS

2026-03-25T16:26:10.744+05:30  INFO 21716 --- [           main] o.a.kafka.common.utils.AppInfoParser     : Kafka version: 3.6.2
2026-03-25T16:26:10.744+05:30  INFO 21716 --- [           main] o.a.kafka.common.utils.AppInfoParser     : Kafka commitId: c4deed513057c94e
2026-03-25T16:26:10.744+05:30  INFO 21716 --- [           main] o.a.kafka.common.utils.AppInfoParser     : Kafka startTimeMs: 1774436170744
2026-03-25T16:26:10.745+05:30  INFO 21716 --- [| adminclient-2] o.a.kafka.common.utils.AppInfoParser     : App info kafka.admin.client for adminclient-2 unregistered
2026-03-25T16:26:10.753+05:30  INFO 21716 --- [| adminclient-2] o.apache.kafka.common.metrics.Metrics    : Metrics scheduler closed
2026-03-25T16:26:10.754+05:30  INFO 21716 --- [| adminclient-2] o.apache.kafka.common.metrics.Metrics    : Closing reporter org.apache.kafka.common.metrics.JmxReporter
2026-03-25T16:26:10.754+05:30  INFO 21716 --- [| adminclient-2] o.apache.kafka.common.metrics.Metrics    : Metrics reporters closed
2026-03-25T16:26:10.756+05:30  INFO 21716 --- [           main] com.jpmc.midascore.TaskFourTests         : Starting TaskFourTests using Java 25.0.2 with PID 21716 (started by naiks in C:\Users\naiks\Documents\GitHub\forage-midas)
2026-03-25T16:26:10.757+05:30  INFO 21716 --- [           main] com.jpmc.midascore.TaskFourTests         : No active profile set, falling back to 1 default profile: "default"
2026-03-25T16:26:10.993+05:30  INFO 21716 --- [           main] .s.d.r.c.RepositoryConfigurationDelegate : Bootstrapping Spring Data JPA repositories in DEFAULT mode.
2026-03-25T16:26:11.010+05:30  INFO 21716 --- [           main] .s.d.r.c.RepositoryConfigurationDelegate : Finished Spring Data repository scanning in 16 ms. Found 1 JPA repository interface.
2026-03-25T16:26:11.106+05:30  INFO 21716 --- [           main] o.hibernate.jpa.internal.util.LogHelper  : HHH000204: Processing PersistenceUnitInfo [name: default]
2026-03-25T16:26:11.109+05:30  INFO 21716 --- [           main] o.h.c.internal.RegionFactoryInitiator    : HHH000026: Second-level cache disabled
2026-03-25T16:26:11.114+05:30  INFO 21716 --- [           main] o.s.o.j.p.SpringPersistenceUnitInfo      : No LoadTimeWeaver setup: ignoring JPA class transformer
2026-03-25T16:26:11.115+05:30  INFO 21716 --- [           main] com.zaxxer.hikari.HikariDataSource       : HikariPool-2 - Starting...
2026-03-25T16:26:11.118+05:30  INFO 21716 --- [           main] com.zaxxer.hikari.pool.HikariPool        : HikariPool-2 - Added connection conn10: url=jdbc:h2:mem:testdb user=SA
2026-03-25T16:26:11.118+05:30  INFO 21716 --- [           main] com.zaxxer.hikari.HikariDataSource       : HikariPool-2 - Start completed.
2026-03-25T16:26:11.119+05:30  WARN 21716 --- [           main] org.hibernate.orm.deprecation            : HHH90000025: H2Dialect does not need to be specified explicitly using 'hibernate.dialect' (remove the property setting and it will be selected by default)
2026-03-25T16:26:11.148+05:30  INFO 21716 --- [           main] o.h.e.t.j.p.i.JtaPlatformInitiator       : HHH000489: No JTA platform available (set 'hibernate.transaction.jta.platform' to enable JTA platform integration)
2026-03-25T16:26:11.153+05:30  INFO 21716 --- [           main] j.LocalContainerEntityManagerFactoryBean : Initialized JPA EntityManagerFactory for persistence unit 'default'
2026-03-25T16:26:11.265+05:30  WARN 21716 --- [           main] JpaBaseConfiguration$JpaWebConfiguration : spring.jpa.open-in-view is enabled by default. Therefore, database queries may be performed during view rendering. Explicitly configure spring.jpa.open-in-view to disable this warning
2026-03-25T16:26:11.360+05:30  INFO 21716 --- [           main] o.s.b.a.h2.H2ConsoleAutoConfiguration    : H2 console available at '/h2-console'. Database available at 'jdbc:h2:mem:testdb'
2026-03-25T16:26:11.393+05:30  INFO 21716 --- [           main] com.jpmc.midascore.TaskFourTests         : Started TaskFourTests in 1.014 seconds (process running for 12.692)
2026-03-25T16:26:11.441+05:30  INFO 21716 --- [           main] o.a.k.clients.producer.ProducerConfig    : ProducerConfig values: 
	acks = -1
	auto.include.jmx.reporter = true
	batch.size = 16384
	bootstrap.servers = [localhost:49705]
	buffer.memory = 33554432
	client.dns.lookup = use_all_dns_ips
	client.id = producer-2
	compression.type = none
	connections.max.idle.ms = 540000
	delivery.timeout.ms = 120000
	enable.idempotence = true
	interceptor.classes = []
	key.serializer = class org.apache.kafka.common.serialization.StringSerializer
	linger.ms = 0
	max.block.ms = 60000
	max.in.flight.requests.per.connection = 5
	max.request.size = 1048576
	metadata.max.age.ms = 300000
	metadata.max.idle.ms = 300000
	metric.reporters = []
	metrics.num.samples = 2
	metrics.recording.level = INFO
	metrics.sample.window.ms = 30000
	partitioner.adaptive.partitioning.enable = true
	partitioner.availability.timeout.ms = 0
	partitioner.class = null
	partitioner.ignore.keys = false
	receive.buffer.bytes = 32768
	reconnect.backoff.max.ms = 1000
	reconnect.backoff.ms = 50
	request.timeout.ms = 30000
	retries = 2147483647
	retry.backoff.ms = 100
	sasl.client.callback.handler.class = null
	sasl.jaas.config = null
	sasl.kerberos.kinit.cmd = /usr/bin/kinit
	sasl.kerberos.min.time.before.relogin = 60000
	sasl.kerberos.service.name = null
	sasl.kerberos.ticket.renew.jitter = 0.05
	sasl.kerberos.ticket.renew.window.factor = 0.8
	sasl.login.callback.handler.class = null
	sasl.login.class = null
	sasl.login.connect.timeout.ms = null
	sasl.login.read.timeout.ms = null
	sasl.login.refresh.buffer.seconds = 300
	sasl.login.refresh.min.period.seconds = 60
	sasl.login.refresh.window.factor = 0.8
	sasl.login.refresh.window.jitter = 0.05
	sasl.login.retry.backoff.max.ms = 10000
	sasl.login.retry.backoff.ms = 100
	sasl.mechanism = GSSAPI
	sasl.oauthbearer.clock.skew.seconds = 30
	sasl.oauthbearer.expected.audience = null
	sasl.oauthbearer.expected.issuer = null
	sasl.oauthbearer.jwks.endpoint.refresh.ms = 3600000
	sasl.oauthbearer.jwks.endpoint.retry.backoff.max.ms = 10000
	sasl.oauthbearer.jwks.endpoint.retry.backoff.ms = 100
	sasl.oauthbearer.jwks.endpoint.url = null
	sasl.oauthbearer.scope.claim.name = scope
	sasl.oauthbearer.sub.claim.name = sub
	sasl.oauthbearer.token.endpoint.url = null
	security.protocol = PLAINTEXT
	security.providers = null
	send.buffer.bytes = 131072
	socket.connection.setup.timeout.max.ms = 30000
	socket.connection.setup.timeout.ms = 10000
	ssl.cipher.suites = null
	ssl.enabled.protocols = [TLSv1.2, TLSv1.3]
	ssl.endpoint.identification.algorithm = https
	ssl.engine.factory.class = null
	ssl.key.password = null
	ssl.keymanager.algorithm = SunX509
	ssl.keystore.certificate.chain = null
	ssl.keystore.key = null
	ssl.keystore.location = null
	ssl.keystore.password = null
	ssl.keystore.type = JKS
	ssl.protocol = TLSv1.3
	ssl.provider = null
	ssl.secure.random.implementation = null
	ssl.trustmanager.algorithm = PKIX
	ssl.truststore.certificates = null
	ssl.truststore.location = null
	ssl.truststore.password = null
	ssl.truststore.type = JKS
	transaction.timeout.ms = 60000
	transactional.id = null
	value.serializer = class org.springframework.kafka.support.serializer.JsonSerializer

2026-03-25T16:26:11.442+05:30  INFO 21716 --- [           main] o.a.k.clients.producer.KafkaProducer     : [Producer clientId=producer-2] Instantiated an idempotent producer.
2026-03-25T16:26:11.446+05:30  INFO 21716 --- [           main] o.a.kafka.common.utils.AppInfoParser     : Kafka version: 3.6.2
2026-03-25T16:26:11.447+05:30  INFO 21716 --- [           main] o.a.kafka.common.utils.AppInfoParser     : Kafka commitId: c4deed513057c94e
2026-03-25T16:26:11.447+05:30  INFO 21716 --- [           main] o.a.kafka.common.utils.AppInfoParser     : Kafka startTimeMs: 1774436171446
2026-03-25T16:26:11.455+05:30  INFO 21716 --- [quest-handler-4] k.s.DefaultAutoTopicCreationManager      : Sent auto-creation request for Set(transactions) to the active controller.
2026-03-25T16:26:11.458+05:30  WARN 21716 --- [ad | producer-2] org.apache.kafka.clients.NetworkClient   : [Producer clientId=producer-2] Error while fetching metadata with correlation id 1 : {transactions=UNKNOWN_TOPIC_OR_PARTITION}
2026-03-25T16:26:11.458+05:30  INFO 21716 --- [ad | producer-2] org.apache.kafka.clients.Metadata        : [Producer clientId=producer-2] Cluster ID: _5OgeTbyTnCoxirLuWM_xw
2026-03-25T16:26:11.462+05:30  INFO 21716 --- [0-event-handler] o.a.k.c.ReplicationControlManager        : [QuorumController id=0] CreateTopics result(s): CreatableTopic(name='transactions', numPartitions=1, replicationFactor=1, assignments=[], configs=[]): SUCCESS
2026-03-25T16:26:11.462+05:30  INFO 21716 --- [0-event-handler] o.a.k.c.ReplicationControlManager        : [QuorumController id=0] Replayed TopicRecord for topic transactions with topic ID RgvT8DUdRcO1p_SZRIYR6w.
2026-03-25T16:26:11.462+05:30  INFO 21716 --- [0-event-handler] o.a.k.c.ReplicationControlManager        : [QuorumController id=0] Replayed PartitionRecord for new partition transactions-0 with topic ID RgvT8DUdRcO1p_SZRIYR6w and PartitionRegistration(replicas=[0], isr=[0], removingReplicas=[], addingReplicas=[], leader=0, leaderRecoveryState=RECOVERED, leaderEpoch=0, partitionEpoch=0).
2026-03-25T16:26:11.488+05:30  INFO 21716 --- [r-event-handler] state.change.logger                      : [Broker id=0] Transitioning 1 partition(s) to local leaders.
2026-03-25T16:26:11.489+05:30  INFO 21716 --- [r-event-handler] kafka.server.ReplicaFetcherManager       : [ReplicaFetcherManager on broker 0] Removed fetcher for partitions Set(transactions-0)
2026-03-25T16:26:11.489+05:30  INFO 21716 --- [r-event-handler] state.change.logger                      : [Broker id=0] Creating new partition transactions-0 with topic id RgvT8DUdRcO1p_SZRIYR6w.
2026-03-25T16:26:11.490+05:30  INFO 21716 --- [0-event-handler] o.a.k.c.ProducerIdControlManager         : [QuorumController id=0] Replaying ProducerIdsRecord ProducerIdsRecord(brokerId=0, brokerEpoch=5, nextProducerId=1000)
2026-03-25T16:26:11.494+05:30  INFO 21716 --- [r-event-handler] kafka.log.UnifiedLog$                    : [LogLoader partition=transactions-0, dir=C:\Users\naiks\AppData\Local\Temp\kafka-1323406514898939703\broker_0_data0] Loading producer state till offset 0 with message format version 2
2026-03-25T16:26:11.496+05:30  INFO 21716 --- [r-event-handler] kafka.log.LogManager                     : Created log for partition transactions-0 in C:\Users\naiks\AppData\Local\Temp\kafka-1323406514898939703\broker_0_data0\transactions-0 with properties {}
2026-03-25T16:26:11.496+05:30  INFO 21716 --- [r-event-handler] kafka.cluster.Partition                  : [Partition transactions-0 broker=0] No checkpointed highwatermark is found for partition transactions-0
2026-03-25T16:26:11.496+05:30  INFO 21716 --- [r-event-handler] kafka.cluster.Partition                  : [Partition transactions-0 broker=0] Log loaded for partition transactions-0 with initial high watermark 0
2026-03-25T16:26:11.496+05:30  INFO 21716 --- [r-event-handler] state.change.logger                      : [Broker id=0] Leader transactions-0 with topic id Some(RgvT8DUdRcO1p_SZRIYR6w) starts at leader epoch 0 from offset 0 with partition epoch 0, high watermark 0, ISR [0], adding replicas [] and removing replicas [] . Previous leader None and previous leader epoch was -1.
2026-03-25T16:26:11.567+05:30  INFO 21716 --- [ad | producer-2] o.a.k.c.p.internals.TransactionManager   : [Producer clientId=producer-2] ProducerId set to 0 with epoch 0
2026-03-25T16:26:13.577+05:30  INFO 21716 --- [           main] com.jpmc.midascore.TaskFourTests         : ----------------------------------------------------------
2026-03-25T16:26:13.577+05:30  INFO 21716 --- [           main] com.jpmc.midascore.TaskFourTests         : ----------------------------------------------------------
2026-03-25T16:26:13.577+05:30  INFO 21716 --- [           main] com.jpmc.midascore.TaskFourTests         : ----------------------------------------------------------
2026-03-25T16:26:13.577+05:30  INFO 21716 --- [           main] com.jpmc.midascore.TaskFourTests         : use your debugger to find out what wilbur's balance is after all transactions are processed
2026-03-25T16:26:13.577+05:30  INFO 21716 --- [           main] com.jpmc.midascore.TaskFourTests         : kill this test once you find the answer
2026-03-25T16:26:33.578+05:30  INFO 21716 --- [           main] com.jpmc.midascore.TaskFourTests         : ...
2026-03-25T16:26:53.579+05:30  INFO 21716 --- [           main] com.jpmc.midascore.TaskFourTests         : ...
2026-03-25T16:27:13.580+05:30  INFO 21716 --- [           main] com.jpmc.midascore.TaskFourTests         : ...
2026-03-25T16:27:33.595+05:30  INFO 21716 --- [           main] com.jpmc.midascore.TaskFourTests         : ...
2026-03-25T16:27:53.597+05:30  INFO 21716 --- [           main] com.jpmc.midascore.TaskFourTests         : ...
2026-03-25T16:28:13.616+05:30  INFO 21716 --- [           main] com.jpmc.midascore.TaskFourTests         : ...
2026-03-25T16:28:33.635+05:30  INFO 21716 --- [           main] com.jpmc.midascore.TaskFourTests         : ...
2026-03-25T16:28:53.655+05:30  INFO 21716 --- [           main] com.jpmc.midascore.TaskFourTests         : ...
2026-03-25T16:29:13.661+05:30  INFO 21716 --- [           main] com.jpmc.midascore.TaskFourTests         : ...
